Component: ARM Compiler 5.06 update 7 (build 960) Tool: armlink [4d3601]

==============================================================================

Section Cross References

    startup_stm32l432xx.o(STACK) refers (Special) to heapauxi.o(.text) for __use_two_region_memory
    startup_stm32l432xx.o(HEAP) refers (Special) to heapauxi.o(.text) for __use_two_region_memory
    startup_stm32l432xx.o(RESET) refers (Special) to heapauxi.o(.text) for __use_two_region_memory
    startup_stm32l432xx.o(RESET) refers to startup_stm32l432xx.o(STACK) for __initial_sp
    startup_stm32l432xx.o(RESET) refers to startup_stm32l432xx.o(.text) for Reset_Handler
    startup_stm32l432xx.o(RESET) refers to stm32l4xx_it.o(i.NMI_Handler) for NMI_Handler
    startup_stm32l432xx.o(RESET) refers to stm32l4xx_it.o(i.HardFault_Handler) for HardFault_Handler
    startup_stm32l432xx.o(RESET) refers to stm32l4xx_it.o(i.MemManage_Handler) for MemManage_Handler
    startup_stm32l432xx.o(RESET) refers to stm32l4xx_it.o(i.BusFault_Handler) for BusFault_Handler
    startup_stm32l432xx.o(RESET) refers to stm32l4xx_it.o(i.UsageFault_Handler) for UsageFault_Handler
    startup_stm32l432xx.o(RESET) refers to port.o(.emb_text) for SVC_Handler
    startup_stm32l432xx.o(RESET) refers to stm32l4xx_it.o(i.DebugMon_Handler) for DebugMon_Handler
    startup_stm32l432xx.o(RESET) refers to cmsis_os2.o(i.SysTick_Handler) for SysTick_Handler
    startup_stm32l432xx.o(RESET) refers to stm32l4xx_it.o(i.TIM1_UP_TIM16_IRQHandler) for TIM1_UP_TIM16_IRQHandler
    startup_stm32l432xx.o(RESET) refers to stm32l4xx_it.o(i.USART2_IRQHandler) for USART2_IRQHandler
    startup_stm32l432xx.o(.text) refers (Special) to heapauxi.o(.text) for __use_two_region_memory
    startup_stm32l432xx.o(.text) refers to system_stm32l4xx.o(i.SystemInit) for SystemInit
    startup_stm32l432xx.o(.text) refers to __main.o(!!!main) for __main
    startup_stm32l432xx.o(.text) refers to startup_stm32l432xx.o(HEAP) for Heap_Mem
    startup_stm32l432xx.o(.text) refers to startup_stm32l432xx.o(STACK) for Stack_Mem
    main.o(i.HAL_TIM_PeriodElapsedCallback) refers to stm32l4xx_hal.o(i.HAL_IncTick) for HAL_IncTick
    main.o(i.LCD_Init) refers to stm32l4xx_hal_gpio.o(i.HAL_GPIO_WritePin) for HAL_GPIO_WritePin
    main.o(i.LCD_Init) refers to main.o(i.LCD_DelayMs) for LCD_DelayMs
    main.o(i.LCD_Init) refers to main.o(i.LCD_WriteNibble) for LCD_WriteNibble
    main.o(i.LCD_Init) refers to main.o(i.LCD_SendByte) for LCD_SendByte
    main.o(i.LCD_Print) refers to main.o(i.LCD_SendByte) for LCD_SendByte
    main.o(i.LCD_SendByte) refers to stm32l4xx_hal_gpio.o(i.HAL_GPIO_WritePin) for HAL_GPIO_WritePin
    main.o(i.LCD_SendByte) refers to main.o(i.LCD_DelayUs) for LCD_DelayUs
    main.o(i.LCD_SendByte) refers to main.o(i.LCD_WriteNibble) for LCD_WriteNibble
    main.o(i.LCD_SendByte) refers to main.o(i.LCD_DelayMs) for LCD_DelayMs
    main.o(i.LCD_SetCursor) refers to main.o(i.LCD_SendByte) for LCD_SendByte
    main.o(i.LCD_WriteNibble) refers to stm32l4xx_hal_gpio.o(i.HAL_GPIO_WritePin) for HAL_GPIO_WritePin
    main.o(i.LCD_WriteNibble) refers to main.o(i.LCD_DelayUs) for LCD_DelayUs
    main.o(i.MX_GPIO_Init) refers to rt_memclr_w.o(.text) for __aeabi_memclr4
    main.o(i.MX_GPIO_Init) refers to stm32l4xx_hal_gpio.o(i.HAL_GPIO_Init) for HAL_GPIO_Init
    main.o(i.MX_GPIO_Init) refers to stm32l4xx_hal_gpio.o(i.HAL_GPIO_WritePin) for HAL_GPIO_WritePin
    main.o(i.MX_I2C1_Init) refers to stm32l4xx_hal_i2c.o(i.HAL_I2C_Init) for HAL_I2C_Init
    main.o(i.MX_I2C1_Init) refers to stm32l4xx_hal_i2c_ex.o(i.HAL_I2CEx_ConfigAnalogFilter) for HAL_I2CEx_ConfigAnalogFilter
    main.o(i.MX_I2C1_Init) refers to stm32l4xx_hal_i2c_ex.o(i.HAL_I2CEx_ConfigDigitalFilter) for HAL_I2CEx_ConfigDigitalFilter
    main.o(i.MX_I2C1_Init) refers to main.o(.bss) for .bss
    main.o(i.MX_USART2_UART_Init) refers to stm32l4xx_hal_uart.o(i.HAL_UART_Init) for HAL_UART_Init
    main.o(i.MX_USART2_UART_Init) refers to main.o(.bss) for .bss
    main.o(i.StartDefaultTask) refers to stm32l4xx_hal_i2c.o(i.HAL_I2C_Master_Transmit) for HAL_I2C_Master_Transmit
    main.o(i.StartDefaultTask) refers to stm32l4xx_hal_i2c.o(i.HAL_I2C_Master_Receive) for HAL_I2C_Master_Receive
    main.o(i.StartDefaultTask) refers to cmsis_os2.o(i.osMutexAcquire) for osMutexAcquire
    main.o(i.StartDefaultTask) refers to cmsis_os2.o(i.osMutexRelease) for osMutexRelease
    main.o(i.StartDefaultTask) refers to cmsis_os2.o(i.osDelay) for osDelay
    main.o(i.StartDefaultTask) refers to main.o(.data) for .data
    main.o(i.StartDefaultTask) refers to main.o(.bss) for .bss
    main.o(i.StartLCDTask) refers to _printf_pad.o(.text) for _printf_pre_padding
    main.o(i.StartLCDTask) refers to _printf_percent.o(.ARM.Collect$$_printf_percent$$00000000) for _printf_percent
    main.o(i.StartLCDTask) refers to _printf_x.o(.ARM.Collect$$_printf_percent$$0000000C) for _printf_x
    main.o(i.StartLCDTask) refers to _printf_hex_int.o(.text) for _printf_longlong_hex
[...]
    .data                                    0x2000008c   Section       32  heap_4.o(.data)
    pxEnd                                    0x2000008c   Data           4  heap_4.o(.data)
    xFreeBytesRemaining                      0x20000090   Data           4  heap_4.o(.data)
    xMinimumEverFreeBytesRemaining           0x20000094   Data           4  heap_4.o(.data)
    xNumberOfSuccessfulAllocations           0x20000098   Data           4  heap_4.o(.data)
    xNumberOfSuccessfulFrees                 0x2000009c   Data           4  heap_4.o(.data)
    xBlockAllocatedBit                       0x200000a0   Data           4  heap_4.o(.data)
    xStart                                   0x200000a4   Data           8  heap_4.o(.data)
    .data                                    0x200000ac   Section       12  port.o(.data)
    ucMaxSysCallPriority                     0x200000ac   Data           1  port.o(.data)
    uxCriticalNesting                        0x200000b0   Data           4  port.o(.data)
    ulMaxPRIGROUPValue                       0x200000b4   Data           4  port.o(.data)
    .bss                                     0x200000b8   Section      216  main.o(.bss)
    .bss                                     0x20000190   Section       76  stm32l4xx_hal_timebase_tim.o(.bss)
    .bss                                     0x200001dc   Section       64  queue.o(.bss)
    .bss                                     0x2000021c   Section     1220  tasks.o(.bss)
    pxReadyTasksLists                        0x2000021c   Data        1120  tasks.o(.bss)
    xDelayedTaskList1                        0x2000067c   Data          20  tasks.o(.bss)
    xDelayedTaskList2                        0x20000690   Data          20  tasks.o(.bss)
    xPendingReadyList                        0x200006a4   Data          20  tasks.o(.bss)
    xTasksWaitingTermination                 0x200006b8   Data          20  tasks.o(.bss)
    xSuspendedTaskList                       0x200006cc   Data          20  tasks.o(.bss)
    .bss                                     0x200006e0   Section      280  timers.o(.bss)
    xStaticTimerQueue                        0x200006e0   Data          80  timers.o(.bss)
    ucStaticTimerQueueStorage                0x20000730   Data         160  timers.o(.bss)
    xActiveTimerList1                        0x200007d0   Data          20  timers.o(.bss)
    xActiveTimerList2                        0x200007e4   Data          20  timers.o(.bss)
    .bss                                     0x200007f8   Section     1720  cmsis_os2.o(.bss)
    Idle_TCB                                 0x200007f8   Data          92  cmsis_os2.o(.bss)
    Idle_Stack                               0x20000854   Data         512  cmsis_os2.o(.bss)
    Timer_TCB                                0x20000a54   Data          92  cmsis_os2.o(.bss)
    Timer_Stack                              0x20000ab0   Data        1024  cmsis_os2.o(.bss)
    .bss                                     0x20000eb0   Section     3000  heap_4.o(.bss)
    ucHeap                                   0x20000eb0   Data        3000  heap_4.o(.bss)
    .bss7                                    0x20001a68   Section        0  cmox_init.c.o(.bss)
    .bss                                     0x20001a6c   Section       96  libspace.o(.bss)
    HEAP                                     0x20001ad0   Section      512  startup_stm32l432xx.o(HEAP)
    Heap_Mem                                 0x20001ad0   Data         512  startup_stm32l432xx.o(HEAP)
    STACK                                    0x20001cd0   Section     1024  startup_stm32l432xx.o(STACK)
    Stack_Mem                                0x20001cd0   Data        1024  startup_stm32l432xx.o(STACK)
    __initial_sp                             0x200020d0   Data           0  startup_stm32l432xx.o(STACK)

    Global Symbols

    Symbol Name                              Value     Ov Type        Size  Object(Section)

    BuildAttributes$$THM_ISAv4$E$P$D$K$B$S$7EM$VFPi3$EXTD16$VFPS$VFMA$PE$A:L22UL41UL21$X:L11$S22US41US21$IEEE1$IW$USESV6$~STKCKD$USESV7$~SHL$OTIME$ROPI$EBA8$UX$STANDARDLIB$REQ8$PRES8$EABIv2 0x00000000   Number         0  anon$$obj.o ABSOLUTE
    __ARM_use_no_argv                        0x00000000   Number         0  main.o ABSOLUTE
    _printf_flags                            0x00000000   Number         0  printf_stubs.o ABSOLUTE
    _printf_return_value                     0x00000000   Number         0  printf_stubs.o ABSOLUTE
    _printf_sizespec                         0x00000000   Number         0  printf_stubs.o ABSOLUTE
    _printf_widthprec                        0x00000000   Number         0  printf_stubs.o ABSOLUTE
    __ARM_exceptions_init                     - Undefined Weak Reference
    __alloca_initialize                       - Undefined Weak Reference
    __arm_fini_                               - Undefined Weak Reference
    __arm_preinit_                            - Undefined Weak Reference
    __cpp_initialize__aeabi_                  - Undefined Weak Reference
    __cxa_finalize                            - Undefined Weak Reference
    __rt_locale                               - Undefined Weak Reference
    __sigvec_lookup                           - Undefined Weak Reference
    _atexit_init                              - Undefined Weak Reference
    _call_atexit_fns                          - Undefined Weak Reference
    _clock_init                               - Undefined Weak Reference
    _fp_trap_init                             - Undefined Weak Reference
    _fp_trap_shutdown                         - Undefined Weak Reference
    _get_lc_collate                           - Undefined Weak Reference
    _get_lc_ctype                             - Undefined Weak Reference
    _get_lc_monetary                          - Undefined Weak Reference
    _get_lc_numeric                           - Undefined Weak Reference
    _get_lc_time                              - Undefined Weak Reference
    _getenv_init                              - Undefined Weak Reference
    _handle_redirection                       - Undefined Weak Reference
    _init_alloc                               - Undefined Weak Reference
    _init_user_alloc                          - Undefined Weak Reference
    _initio                                   - Undefined Weak Reference
    _printf_truncate_signed                   - Undefined Weak Reference
    _printf_truncate_unsigned                 - Undefined Weak Reference
    _rand_init                                - Undefined Weak Reference
    _signal_finish                            - Undefined Weak Reference
    _signal_init                              - Undefined Weak Reference
    _terminate_alloc                          - Undefined Weak Reference
    _terminate_user_alloc                     - Undefined Weak Reference
    _terminateio                              - Undefined Weak Reference
    __Vectors_Size                           0x0000018c   Number         0  startup_stm32l432xx.o ABSOLUTE
    __Vectors                                0x08000000   Data           4  startup_stm32l432xx.o(RESET)
    __Vectors_End                            0x0800018c   Data           0  startup_stm32l432xx.o(RESET)
    __main                                   0x0800018d   Thumb Code     8  __main.o(!!!main)
    __scatterload                            0x08000195   Thumb Code     0  __scatter.o(!!!scatter)
    __scatterload_rt2                        0x08000195   Thumb Code    44  __scatter.o(!!!scatter)
    __scatterload_rt2_thumb_only             0x08000195   Thumb Code     0  __scatter.o(!!!scatter)
    __scatterload_null                       0x080001a3   Thumb Code     0  __scatter.o(!!!scatter)
    __scatterload_copy                       0x080001c9   Thumb Code    26  __scatter_copy.o(!!handler_copy)
    __scatterload_zeroinit                   0x080001e5   Thumb Code    28  __scatter_zi.o(!!handler_zi)
    _printf_percent                          0x08000201   Thumb Code     0  _printf_percent.o(.ARM.Collect$$_printf_percent$$00000000)
    _printf_u                                0x08000201   Thumb Code     0  _printf_u.o(.ARM.Collect$$_printf_percent$$0000000A)
    _printf_x                                0x08000207   Thumb Code     0  _printf_x.o(.ARM.Collect$$_printf_percent$$0000000C)
    _printf_percent_end                      0x0800020d   Thumb Code     0  _printf_percent_end.o(.ARM.Collect$$_printf_percent$$00000017)
    __rt_lib_init                            0x08000211   Thumb Code     0  libinit.o(.ARM.Collect$$libinit$$00000000)
    __rt_lib_init_fp_1                       0x08000213   Thumb Code     0  libinit2.o(.ARM.Collect$$libinit$$00000001)
    __rt_lib_init_alloca_1                   0x08000217   Thumb Code     0  libinit2.o(.ARM.Collect$$libinit$$0000002E)
    __rt_lib_init_argv_1                     0x08000217   Thumb Code     0  libinit2.o(.ARM.Collect$$libinit$$0000002C)
    __rt_lib_init_atexit_1                   0x08000217   Thumb Code     0  libinit2.o(.ARM.Collect$$libinit$$0000001B)
    __rt_lib_init_clock_1                    0x08000217   Thumb Code     0  libinit2.o(.ARM.Collect$$libinit$$00000021)
    __rt_lib_init_cpp_1                      0x08000217   Thumb Code     0  libinit2.o(.ARM.Collect$$libinit$$00000032)
    __rt_lib_init_exceptions_1               0x08000217   Thumb Code     0  libinit2.o(.ARM.Collect$$libinit$$00000030)
    __rt_lib_init_fp_trap_1                  0x08000217   Thumb Code     0  libinit2.o(.ARM.Collect$$libinit$$0000001F)
    __rt_lib_init_getenv_1                   0x08000217   Thumb Code     0  libinit2.o(.ARM.Collect$$libinit$$00000023)
    __rt_lib_init_heap_1                     0x08000217   Thumb Code     0  libinit2.o(.ARM.Collect$$libinit$$0000000A)
    __rt_lib_init_lc_collate_1               0x08000217   Thumb Code     0  libinit2.o(.ARM.Collect$$libinit$$00000011)
    __rt_lib_init_lc_ctype_1                 0x08000217   Thumb Code     0  libinit2.o(.ARM.Collect$$libinit$$00000013)
    __rt_lib_init_lc_monetary_1              0x08000217   Thumb Code     0  libinit2.o(.ARM.Collect$$libinit$$00000015)
    __rt_lib_init_lc_numeric_1               0x08000217   Thumb Code     0  libinit2.o(.ARM.Collect$$libinit$$00000017)
    __rt_lib_init_lc_time_1                  0x08000217   Thumb Code     0  libinit2.o(.ARM.Collect$$libinit$$00000019)
    __rt_lib_init_preinit_1                  0x08000217   Thumb Code     0  libinit2.o(.ARM.Collect$$libinit$$00000004)
    __rt_lib_init_rand_1                     0x08000217   Thumb Code     0  libinit2.o(.ARM.Collect$$libinit$$0000000E)
    __rt_lib_init_return                     0x08000217   Thumb Code     0  libinit2.o(.ARM.Collect$$libinit$$00000033)
    __rt_lib_init_signal_1                   0x08000217   Thumb Code     0  libinit2.o(.ARM.Collect$$libinit$$0000001D)
    __rt_lib_init_stdio_1                    0x08000217   Thumb Code     0  libinit2.o(.ARM.Collect$$libinit$$00000025)
    __rt_lib_init_user_alloc_1               0x08000217   Thumb Code     0  libinit2.o(.ARM.Collect$$libinit$$0000000C)
    __rt_lib_shutdown                        0x08000219   Thumb Code     0  libshutdown.o(.ARM.Collect$$libshutdown$$00000000)
    __rt_lib_shutdown_cpp_1                  0x0800021b   Thumb Code     0  libshutdown2.o(.ARM.Collect$$libshutdown$$00000004)
    __rt_lib_shutdown_fini_1                 0x0800021b   Thumb Code     0  libshutdown2.o(.ARM.Collect$$libshutdown$$00000002)
    __rt_lib_shutdown_fp_trap_1              0x0800021b   Thumb Code     0  libshutdown2.o(.ARM.Collect$$libshutdown$$00000009)
    __rt_lib_shutdown_heap_1                 0x0800021b   Thumb Code     0  libshutdown2.o(.ARM.Collect$$libshutdown$$00000011)
    __rt_lib_shutdown_return                 0x0800021b   Thumb Code     0  libshutdown2.o(.ARM.Collect$$libshutdown$$00000012)
    __rt_lib_shutdown_signal_1               0x0800021b   Thumb Code     0  libshutdown2.o(.ARM.Collect$$libshutdown$$0000000C)
    __rt_lib_shutdown_stdio_1                0x0800021b   Thumb Code     0  libshutdown2.o(.ARM.Collect$$libshutdown$$00000006)
    __rt_lib_shutdown_user_alloc_1           0x0800021b   Thumb Code     0  libshutdown2.o(.ARM.Collect$$libshutdown$$0000000E)
    __rt_entry                               0x0800021d   Thumb Code     0  __rtentry.o(.ARM.Collect$$rtentry$$00000000)
    __rt_entry_presh_1                       0x0800021d   Thumb Code     0  __rtentry2.o(.ARM.Collect$$rtentry$$00000002)
    __rt_entry_sh                            0x0800021d   Thumb Code     0  __rtentry4.o(.ARM.Collect$$rtentry$$00000004)
    __rt_entry_li                            0x08000223   Thumb Code     0  __rtentry2.o(.ARM.Collect$$rtentry$$0000000A)
    __rt_entry_postsh_1                      0x08000223   Thumb Code     0  __rtentry2.o(.ARM.Collect$$rtentry$$00000009)
    __rt_entry_main                          0x08000227   Thumb Code     0  __rtentry2.o(.ARM.Collect$$rtentry$$0000000D)
    __rt_entry_postli_1                      0x08000227   Thumb Code     0  __rtentry2.o(.ARM.Collect$$rtentry$$0000000C)
    __rt_exit                                0x0800022f   Thumb Code     0  rtexit.o(.ARM.Collect$$rtexit$$00000000)
    __rt_exit_ls                             0x08000231   Thumb Code     0  rtexit2.o(.ARM.Collect$$rtexit$$00000003)
    __rt_exit_prels_1                        0x08000231   Thumb Code     0  rtexit2.o(.ARM.Collect$$rtexit$$00000002)
    __rt_exit_exit                           0x08000235   Thumb Code     0  rtexit2.o(.ARM.Collect$$rtexit$$00000004)
    SVC_Handler                              0x0800023d   Thumb Code    28  port.o(.emb_text)
    __asm___6_port_c_39a90d8d__prvStartFirstTask 0x0800025d   Thumb Code    36  port.o(.emb_text)
    __asm___6_port_c_39a90d8d__prvEnableVFP  0x08000285   Thumb Code    16  port.o(.emb_text)
    PendSV_Handler                           0x08000299   Thumb Code    88  port.o(.emb_text)
    vPortGetIPSR                             0x080002f5   Thumb Code     6  port.o(.emb_text)
    Reset_Handler                            0x0800031d   Thumb Code     8  startup_stm32l432xx.o(.text)
    ADC1_IRQHandler                          0x08000337   Thumb Code     0  startup_stm32l432xx.o(.text)
    CAN1_RX0_IRQHandler                      0x08000337   Thumb Code     0  startup_stm32l432xx.o(.text)
    CAN1_RX1_IRQHandler                      0x08000337   Thumb Code     0  startup_stm32l432xx.o(.text)
    CAN1_SCE_IRQHandler                      0x08000337   Thumb Code     0  startup_stm32l432xx.o(.text)
    CAN1_TX_IRQHandler                       0x08000337   Thumb Code     0  startup_stm32l432xx.o(.text)
    COMP_IRQHandler                          0x08000337   Thumb Code     0  startup_stm32l432xx.o(.text)
    CRS_IRQHandler                           0x08000337   Thumb Code     0  startup_stm32l432xx.o(.text)
    DMA1_Channel1_IRQHandler                 0x08000337   Thumb Code     0  startup_stm32l432xx.o(.text)
    DMA1_Channel2_IRQHandler                 0x08000337   Thumb Code     0  startup_stm32l432xx.o(.text)
    DMA1_Channel3_IRQHandler                 0x08000337   Thumb Code     0  startup_stm32l432xx.o(.text)
    DMA1_Channel4_IRQHandler                 0x08000337   Thumb Code     0  startup_stm32l432xx.o(.text)
    DMA1_Channel5_IRQHandler                 0x08000337   Thumb Code     0  startup_stm32l432xx.o(.text)
    DMA1_Channel6_IRQHandler                 0x08000337   Thumb Code     0  startup_stm32l432xx.o(.text)
    DMA1_Channel7_IRQHandler                 0x08000337   Thumb Code     0  startup_stm32l432xx.o(.text)
    DMA2_Channel1_IRQHandler                 0x08000337   Thumb Code     0  startup_stm32l432xx.o(.text)
    DMA2_Channel2_IRQHandler                 0x08000337   Thumb Code     0  startup_stm32l432xx.o(.text)
    DMA2_Channel3_IRQHandler                 0x08000337   Thumb Code     0  startup_stm32l432xx.o(.text)
    DMA2_Channel4_IRQHandler                 0x08000337   Thumb Code     0  startup_stm32l432xx.o(.text)
    DMA2_Channel5_IRQHandler                 0x08000337   Thumb Code     0  startup_stm32l432xx.o(.text)
    DMA2_Channel6_IRQHandler                 0x08000337   Thumb Code     0  startup_stm32l432xx.o(.text)
    DMA2_Channel7_IRQHandler                 0x08000337   Thumb Code     0  startup_stm32l432xx.o(.text)
    EXTI0_IRQHandler                         0x08000337   Thumb Code     0  startup_stm32l432xx.o(.text)
    EXTI15_10_IRQHandler                     0x08000337   Thumb Code     0  startup_stm32l432xx.o(.text)
    EXTI1_IRQHandler                         0x08000337   Thumb Code     0  startup_stm32l432xx.o(.text)
    EXTI2_IRQHandler                         0x08000337   Thumb Code     0  startup_stm32l432xx.o(.text)
    EXTI3_IRQHandler                         0x08000337   Thumb Code     0  startup_stm32l432xx.o(.text)
    EXTI4_IRQHandler                         0x08000337   Thumb Code     0  startup_stm32l432xx.o(.text)
    EXTI9_5_IRQHandler                       0x08000337   Thumb Code     0  startup_stm32l432xx.o(.text)
    FLASH_IRQHandler                         0x08000337   Thumb Code     0  startup_stm32l432xx.o(.text)
    FPU_IRQHandler                           0x08000337   Thumb Code     0  startup_stm32l432xx.o(.text)
    I2C1_ER_IRQHandler                       0x08000337   Thumb Code     0  startup_stm32l432xx.o(.text)
    I2C1_EV_IRQHandler                       0x08000337   Thumb Code     0  startup_stm32l432xx.o(.text)
    I2C3_ER_IRQHandler                       0x08000337   Thumb Code     0  startup_stm32l432xx.o(.text)
    I2C3_EV_IRQHandler                       0x08000337   Thumb Code     0  startup_stm32l432xx.o(.text)
    LPTIM1_IRQHandler                        0x08000337   Thumb Code     0  startup_stm32l432xx.o(.text)
    LPTIM2_IRQHandler                        0x08000337   Thumb Code     0  startup_stm32l432xx.o(.text)
    LPUART1_IRQHandler                       0x08000337   Thumb Code     0  startup_stm32l432xx.o(.text)
    PVD_PVM_IRQHandler                       0x08000337   Thumb Code     0  startup_stm32l432xx.o(.text)
    QUADSPI_IRQHandler                       0x08000337   Thumb Code     0  startup_stm32l432xx.o(.text)
    RCC_IRQHandler                           0x08000337   Thumb Code     0  startup_stm32l432xx.o(.text)
    RNG_IRQHandler                           0x08000337   Thumb Code     0  startup_stm32l432xx.o(.text)
    RTC_Alarm_IRQHandler                     0x08000337   Thumb Code     0  startup_stm32l432xx.o(.text)
    RTC_WKUP_IRQHandler                      0x08000337   Thumb Code     0  startup_stm32l432xx.o(.text)
    SAI1_IRQHandler                          0x08000337   Thumb Code     0  startup_stm32l432xx.o(.text)
    SPI1_IRQHandler                          0x08000337   Thumb Code     0  startup_stm32l432xx.o(.text)
    SPI3_IRQHandler                          0x08000337   Thumb Code     0  startup_stm32l432xx.o(.text)
    SWPMI1_IRQHandler                        0x08000337   Thumb Code     0  startup_stm32l432xx.o(.text)
    TAMP_STAMP_IRQHandler                    0x08000337   Thumb Code     0  startup_stm32l432xx.o(.text)
    TIM1_BRK_TIM15_IRQHandler                0x08000337   Thumb Code     0  startup_stm32l432xx.o(.text)
    TIM1_CC_IRQHandler                       0x08000337   Thumb Code     0  startup_stm32l432xx.o(.text)
    TIM1_TRG_COM_IRQHandler                  0x08000337   Thumb Code     0  startup_stm32l432xx.o(.text)
    TIM2_IRQHandler                          0x08000337   Thumb Code     0  startup_stm32l432xx.o(.text)
    TIM6_DAC_IRQHandler                      0x08000337   Thumb Code     0  startup_stm32l432xx.o(.text)
    TIM7_IRQHandler                          0x08000337   Thumb Code     0  startup_stm32l432xx.o(.text)
    TSC_IRQHandler                           0x08000337   Thumb Code     0  startup_stm32l432xx.o(.text)
    USART1_IRQHandler                        0x08000337   Thumb Code     0  startup_stm32l432xx.o(.text)
    USB_IRQHandler                           0x08000337   Thumb Code     0  startup_stm32l432xx.o(.text)
    WWDG_IRQHandler                          0x08000337   Thumb Code     0  startup_stm32l432xx.o(.text)
    __user_initial_stackheap                 0x08000339   Thumb Code     0  startup_stm32l432xx.o(.text)
    cmox_initialize                          0x0800040d   Thumb Code   128  cmox_init.c.o(.text)
    cmox_mac_innerCompute                    0x0800048d   Thumb Code   134  cmox_mac.c.o(.text)
    cmox_mac_innerVerify                     0x08000513   Thumb Code   134  cmox_mac.c.o(.text)
    cmox_mac_setCustomData_empty             0x08000599   Thumb Code     6  cmox_mac.c.o(.text)
    cmox_mac_compute                         0x080005a1   Thumb Code    68  cmox_mac.c.o(.text)
    cmox_hmac_construct                      0x08000a61   Thumb Code    28  cmox_hmac.c.o(.text)
    cmox_sha1_construct                      0x080010e1   Thumb Code    40  cmox_sha1.c.o(.text)
    cmox_hash_common_compute                 0x08001109   Thumb Code    92  cmox_hash.c.o(.text)
    cmox_md_updateState_small                0x08001165   Thumb Code     8  cmox_md.c.o(.text)
    cmox_md_copyLastState_small              0x0800116d   Thumb Code    68  cmox_md.c.o(.text)
    cmox_md_padMsgLen_small                  0x080011b1   Thumb Code    26  cmox_md.c.o(.text)
    cmox_md_construct                        0x080011cb   Thumb Code     8  cmox_md.c.o(.text)
    cmox_md_init                             0x080011d3   Thumb Code    30  cmox_md.c.o(.text)
    cmox_md_setTagSize                       0x080011f1   Thumb Code     8  cmox_md.c.o(.text)
    cmox_md_append                           0x080011f9   Thumb Code   168  cmox_md.c.o(.text)
    cmox_md_generateTag                      0x080012a1   Thumb Code   416  cmox_md.c.o(.text)
    cmox_utils_robustCmp                     0x080014b9   Thumb Code   240  cmox_utils_compare.c.o(.text)
    __aeabi_uldivmod                         0x080015af   Thumb Code     0  lludivv7m.o(.text)
    _ll_udiv                                 0x080015af   Thumb Code   238  lludivv7m.o(.text)
    __2snprintf                              0x0800169d   Thumb Code    50  __2snprintf.o(.text)
    _printf_pre_padding                      0x080016d5   Thumb Code    44  _printf_pad.o(.text)
    _printf_post_padding                     0x08001701   Thumb Code    34  _printf_pad.o(.text)
    _printf_int_dec                          0x08001725   Thumb Code   104  _printf_dec.o(.text)
    _printf_int_hex                          0x0800179d   Thumb Code    84  _printf_hex_int.o(.text)
    _printf_longlong_hex                     0x0800179d   Thumb Code     0  _printf_hex_int.o(.text)
    __printf                                 0x080017f5   Thumb Code   388  __printf_flags_ss_wp.o(.text)
    strncmp                                  0x08001983   Thumb Code   150  strncmp.o(.text)
    __aeabi_memcpy                           0x08001a19   Thumb Code     0  rt_memcpy_v6.o(.text)
    __rt_memcpy                              0x08001a19   Thumb Code   138  rt_memcpy_v6.o(.text)
    _memcpy_lastbytes                        0x08001a7f   Thumb Code     0  rt_memcpy_v6.o(.text)
    __aeabi_memset                           0x08001aa3   Thumb Code    16  aeabi_memset.o(.text)
    __aeabi_memclr                           0x08001ab3   Thumb Code     0  rt_memclr.o(.text)
    __rt_memclr                              0x08001ab3   Thumb Code    68  rt_memclr.o(.text)
    _memset                                  0x08001ab7   Thumb Code     0  rt_memclr.o(.text)
    __aeabi_memclr4                          0x08001af7   Thumb Code     0  rt_memclr_w.o(.text)
    __aeabi_memclr8                          0x08001af7   Thumb Code     0  rt_memclr_w.o(.text)
    __rt_memclr_w                            0x08001af7   Thumb Code    78  rt_memclr_w.o(.text)
    _memset_w                                0x08001afb   Thumb Code     0  rt_memclr_w.o(.text)
    __use_two_region_memory                  0x08001b45   Thumb Code     2  heapauxi.o(.text)
    __rt_heap_escrow$2region                 0x08001b47   Thumb Code     2  heapauxi.o(.text)
    __rt_heap_expand$2region                 0x08001b49   Thumb Code     2  heapauxi.o(.text)
    _printf_int_common                       0x08001b4b   Thumb Code   178  _printf_intcommon.o(.text)
    _printf_char_common                      0x08001c07   Thumb Code    32  _printf_char_common.o(.text)
    _sputc                                   0x08001c2d   Thumb Code    10  _sputc.o(.text)
    _snputc                                  0x08001c37   Thumb Code    16  _snputc.o(.text)
    __aeabi_memcpy4                          0x08001c47   Thumb Code     0  rt_memcpy_w.o(.text)
    __aeabi_memcpy8                          0x08001c47   Thumb Code     0  rt_memcpy_w.o(.text)
    __rt_memcpy_w                            0x08001c47   Thumb Code   100  rt_memcpy_w.o(.text)
    _memcpy_lastbytes_aligned                0x08001c8f   Thumb Code     0  rt_memcpy_w.o(.text)
    __user_setup_stackheap                   0x08001cab   Thumb Code    74  sys_stackheap_outer.o(.text)
    exit                                     0x08001cf5   Thumb Code    18  exit.o(.text)
    __user_libspace                          0x08001d09   Thumb Code     8  libspace.o(.text)
    __user_perproc_libspace                  0x08001d09   Thumb Code     0  libspace.o(.text)
    __user_perthread_libspace                0x08001d09   Thumb Code     0  libspace.o(.text)
    _sys_exit                                0x08001d11   Thumb Code     8  sys_exit.o(.text)
    __I$use$semihosting                      0x08001d1d   Thumb Code     0  use_no_semi.o(.text)
    __use_no_semihosting_swi                 0x08001d1d   Thumb Code     2  use_no_semi.o(.text)
    BusFault_Handler                         0x08001d1f   Thumb Code     2  stm32l4xx_it.o(i.BusFault_Handler)
    __semihosting_library_function           0x08001d1f   Thumb Code     0  indicate_semi.o(.text)
    DebugMon_Handler                         0x08001d21   Thumb Code     2  stm32l4xx_it.o(i.DebugMon_Handler)
    Error_Handler                            0x08001d23   Thumb Code     4  main.o(i.Error_Handler)
    HAL_DMA_Abort                            0x08001d27   Thumb Code    74  stm32l4xx_hal_dma.o(i.HAL_DMA_Abort)
    HAL_DMA_Abort_IT                         0x08001d71   Thumb Code    78  stm32l4xx_hal_dma.o(i.HAL_DMA_Abort_IT)
    HAL_Delay                                0x08001dc1   Thumb Code    32  stm32l4xx_hal.o(i.HAL_Delay)
    HAL_GPIO_Init                            0x08001de5   Thumb Code   488  stm32l4xx_hal_gpio.o(i.HAL_GPIO_Init)
    HAL_GPIO_ReadPin                         0x08001fe7   Thumb Code    10  stm32l4xx_hal_gpio.o(i.HAL_GPIO_ReadPin)
    HAL_GPIO_WritePin                        0x08001ff1   Thumb Code    10  stm32l4xx_hal_gpio.o(i.HAL_GPIO_WritePin)
    HAL_GetTick                              0x08001ffd   Thumb Code     6  stm32l4xx_hal.o(i.HAL_GetTick)
    HAL_I2CEx_ConfigAnalogFilter             0x08002009   Thumb Code    86  stm32l4xx_hal_i2c_ex.o(i.HAL_I2CEx_ConfigAnalogFilter)
    HAL_I2CEx_ConfigDigitalFilter            0x0800205f   Thumb Code    82  stm32l4xx_hal_i2c_ex.o(i.HAL_I2CEx_ConfigDigitalFilter)
    HAL_I2C_Init                             0x080020b1   Thumb Code   178  stm32l4xx_hal_i2c.o(i.HAL_I2C_Init)
    HAL_I2C_Master_Receive                   0x08002169   Thumb Code   282  stm32l4xx_hal_i2c.o(i.HAL_I2C_Master_Receive)
    HAL_I2C_Master_Transmit                  0x08002295   Thumb Code   282  stm32l4xx_hal_i2c.o(i.HAL_I2C_Master_Transmit)
    HAL_I2C_MspInit                          0x080023c1   Thumb Code   118  stm32l4xx_hal_msp.o(i.HAL_I2C_MspInit)
    HAL_IncTick                              0x08002441   Thumb Code    12  stm32l4xx_hal.o(i.HAL_IncTick)
    HAL_Init                                 0x08002451   Thumb Code    30  stm32l4xx_hal.o(i.HAL_Init)
    HAL_InitTick                             0x08002471   Thumb Code   118  stm32l4xx_hal_timebase_tim.o(i.HAL_InitTick)
    HAL_MspInit                              0x080024fd   Thumb Code    48  stm32l4xx_hal_msp.o(i.HAL_MspInit)
    HAL_NVIC_EnableIRQ                       0x08002531   Thumb Code    26  stm32l4xx_hal_cortex.o(i.HAL_NVIC_EnableIRQ)
    HAL_NVIC_SetPriority                     0x0800254d   Thumb Code    60  stm32l4xx_hal_cortex.o(i.HAL_NVIC_SetPriority)
    HAL_NVIC_SetPriorityGrouping             0x0800258d   Thumb Code    26  stm32l4xx_hal_cortex.o(i.HAL_NVIC_SetPriorityGrouping)
    HAL_PWREx_ControlVoltageScaling          0x080025b1   Thumb Code    90  stm32l4xx_hal_pwr_ex.o(i.HAL_PWREx_ControlVoltageScaling)
    HAL_PWREx_GetVoltageRange                0x08002619   Thumb Code    10  stm32l4xx_hal_pwr_ex.o(i.HAL_PWREx_GetVoltageRange)
    HAL_PWR_EnableBkUpAccess                 0x08002629   Thumb Code    12  stm32l4xx_hal_pwr.o(i.HAL_PWR_EnableBkUpAccess)
    HAL_RCCEx_EnableMSIPLLMode               0x08002639   Thumb Code    12  stm32l4xx_hal_rcc_ex.o(i.HAL_RCCEx_EnableMSIPLLMode)
    HAL_RCCEx_PeriphCLKConfig                0x08002649   Thumb Code   634  stm32l4xx_hal_rcc_ex.o(i.HAL_RCCEx_PeriphCLKConfig)
    HAL_RCC_ClockConfig                      0x080028d5   Thumb Code   304  stm32l4xx_hal_rcc.o(i.HAL_RCC_ClockConfig)
    HAL_RCC_GetClockConfig                   0x08002a19   Thumb Code    54  stm32l4xx_hal_rcc.o(i.HAL_RCC_GetClockConfig)
    HAL_RCC_GetPCLK1Freq                     0x08002a59   Thumb Code    24  stm32l4xx_hal_rcc.o(i.HAL_RCC_GetPCLK1Freq)
    HAL_RCC_GetPCLK2Freq                     0x08002a7d   Thumb Code    24  stm32l4xx_hal_rcc.o(i.HAL_RCC_GetPCLK2Freq)
    HAL_RCC_GetSysClockFreq                  0x08002aa1   Thumb Code   150  stm32l4xx_hal_rcc.o(i.HAL_RCC_GetSysClockFreq)
    HAL_RCC_OscConfig                        0x08002b45   Thumb Code  1366  stm32l4xx_hal_rcc.o(i.HAL_RCC_OscConfig)
    HAL_TIMEx_Break2Callback                 0x080030a5   Thumb Code     2  stm32l4xx_hal_tim_ex.o(i.HAL_TIMEx_Break2Callback)
    HAL_TIMEx_BreakCallback                  0x080030a7   Thumb Code     2  stm32l4xx_hal_tim_ex.o(i.HAL_TIMEx_BreakCallback)
    HAL_TIMEx_CommutCallback                 0x080030a9   Thumb Code     2  stm32l4xx_hal_tim_ex.o(i.HAL_TIMEx_CommutCallback)
    HAL_TIM_Base_Init                        0x080030ab   Thumb Code    98  stm32l4xx_hal_tim.o(i.HAL_TIM_Base_Init)
    HAL_TIM_Base_MspInit                     0x0800310d   Thumb Code     2  stm32l4xx_hal_tim.o(i.HAL_TIM_Base_MspInit)
    HAL_TIM_Base_Start_IT                    0x08003111   Thumb Code    76  stm32l4xx_hal_tim.o(i.HAL_TIM_Base_Start_IT)
    HAL_TIM_IC_CaptureCallback               0x08003169   Thumb Code     2  stm32l4xx_hal_tim.o(i.HAL_TIM_IC_CaptureCallback)
    HAL_TIM_IRQHandler                       0x0800316b   Thumb Code   388  stm32l4xx_hal_tim.o(i.HAL_TIM_IRQHandler)
    HAL_TIM_OC_DelayElapsedCallback          0x080032ef   Thumb Code     2  stm32l4xx_hal_tim.o(i.HAL_TIM_OC_DelayElapsedCallback)
    HAL_TIM_PWM_PulseFinishedCallback        0x080032f1   Thumb Code     2  stm32l4xx_hal_tim.o(i.HAL_TIM_PWM_PulseFinishedCallback)
    HAL_TIM_PeriodElapsedCallback            0x080032f5   Thumb Code    14  main.o(i.HAL_TIM_PeriodElapsedCallback)
    HAL_TIM_TriggerCallback                  0x08003309   Thumb Code     2  stm32l4xx_hal_tim.o(i.HAL_TIM_TriggerCallback)
    HAL_UARTEx_RxEventCallback               0x0800330b   Thumb Code     2  stm32l4xx_hal_uart.o(i.HAL_UARTEx_RxEventCallback)
    HAL_UARTEx_WakeupCallback                0x0800330d   Thumb Code     2  stm32l4xx_hal_uart_ex.o(i.HAL_UARTEx_WakeupCallback)
    HAL_UART_ErrorCallback                   0x0800330f   Thumb Code     2  stm32l4xx_hal_uart.o(i.HAL_UART_ErrorCallback)
    HAL_UART_IRQHandler                      0x08003311   Thumb Code   652  stm32l4xx_hal_uart.o(i.HAL_UART_IRQHandler)
    HAL_UART_Init                            0x080035a5   Thumb Code   102  stm32l4xx_hal_uart.o(i.HAL_UART_Init)
    HAL_UART_MspInit                         0x0800360d   Thumb Code   152  stm32l4xx_hal_msp.o(i.HAL_UART_MspInit)
    HAL_UART_Receive                         0x080036ad   Thumb Code   248  stm32l4xx_hal_uart.o(i.HAL_UART_Receive)
    HAL_UART_Transmit                        0x080037ad   Thumb Code   182  stm32l4xx_hal_uart.o(i.HAL_UART_Transmit)
    HAL_UART_TxCpltCallback                  0x08003863   Thumb Code     2  stm32l4xx_hal_uart.o(i.HAL_UART_TxCpltCallback)
    HardFault_Handler                        0x08003865   Thumb Code     2  stm32l4xx_it.o(i.HardFault_Handler)
    MemManage_Handler                        0x08003e09   Thumb Code     2  stm32l4xx_it.o(i.MemManage_Handler)
    NMI_Handler                              0x08003e0b   Thumb Code     2  stm32l4xx_it.o(i.NMI_Handler)
    StartDefaultTask                         0x08003fb5   Thumb Code   192  main.o(i.StartDefaultTask)
    StartLCDTask                             0x08004085   Thumb Code   138  main.o(i.StartLCDTask)
    StartTask02                              0x08004141   Thumb Code   164  main.o(i.StartTask02)
    StartTask03                              0x080041f5   Thumb Code   450  main.o(i.StartTask03)
    SysTick_Handler                          0x08004449   Thumb Code    26  cmsis_os2.o(i.SysTick_Handler)
    SystemClock_Config                       0x08004465   Thumb Code   118  main.o(i.SystemClock_Config)
    SystemInit                               0x080044e1   Thumb Code    12  system_stm32l4xx.o(i.SystemInit)
    TIM1_UP_TIM16_IRQHandler                 0x080044f1   Thumb Code     6  stm32l4xx_it.o(i.TIM1_UP_TIM16_IRQHandler)
    TIM_Base_SetConfig                       0x080044fd   Thumb Code    94  stm32l4xx_hal_tim.o(i.TIM_Base_SetConfig)
    UART_AdvFeatureConfig                    0x08004569   Thumb Code   200  stm32l4xx_hal_uart.o(i.UART_AdvFeatureConfig)
    UART_CheckIdleState                      0x08004631   Thumb Code    92  stm32l4xx_hal_uart.o(i.UART_CheckIdleState)
    UART_SetConfig                           0x080046ed   Thumb Code   448  stm32l4xx_hal_uart.o(i.UART_SetConfig)
    UART_WaitOnFlagUntilTimeout              0x080048c9   Thumb Code   198  stm32l4xx_hal_uart.o(i.UART_WaitOnFlagUntilTimeout)
    USART2_IRQHandler                        0x08004991   Thumb Code     6  stm32l4xx_it.o(i.USART2_IRQHandler)
    UsageFault_Handler                       0x0800499d   Thumb Code     2  stm32l4xx_it.o(i.UsageFault_Handler)
    _is_digit                                0x080049bf   Thumb Code    14  __printf_wp.o(i._is_digit)
    cmox_ll_init                             0x080049cd   Thumb Code     4  main.o(i.cmox_ll_init)
    main                                     0x080049d1   Thumb Code   308  main.o(i.main)
    osDelay                                  0x08004b4d   Thumb Code    26  cmsis_os2.o(i.osDelay)
    osKernelInitialize                       0x08004b69   Thumb Code    32  cmsis_os2.o(i.osKernelInitialize)
    osKernelStart                            0x08004b8d   Thumb Code    48  cmsis_os2.o(i.osKernelStart)
    osMutexAcquire                           0x08004bc5   Thumb Code    82  cmsis_os2.o(i.osMutexAcquire)
    osMutexNew                               0x08004c17   Thumb Code   104  cmsis_os2.o(i.osMutexNew)
    osMutexRelease                           0x08004c7f   Thumb Code    66  cmsis_os2.o(i.osMutexRelease)
    osSemaphoreNew                           0x08004cc1   Thumb Code   152  cmsis_os2.o(i.osSemaphoreNew)
    osThreadNew                              0x08004d59   Thumb Code   138  cmsis_os2.o(i.osThreadNew)
    pvPortMalloc                             0x08005595   Thumb Code   216  heap_4.o(i.pvPortMalloc)
    pvTaskIncrementMutexHeldCount            0x08005671   Thumb Code    18  tasks.o(i.pvTaskIncrementMutexHeldCount)
    pxPortInitialiseStack                    0x08005689   Thumb Code    40  port.o(i.pxPortInitialiseStack)
    uxListRemove                             0x080056b5   Thumb Code    38  list.o(i.uxListRemove)
    vApplicationGetIdleTaskMemory            0x080056dd   Thumb Code    16  cmsis_os2.o(i.vApplicationGetIdleTaskMemory)
    vApplicationGetTimerTaskMemory           0x080056f1   Thumb Code    18  cmsis_os2.o(i.vApplicationGetTimerTaskMemory)
    vListInitialise                          0x08005709   Thumb Code    22  list.o(i.vListInitialise)
    vListInitialiseItem                      0x0800571f   Thumb Code     6  list.o(i.vListInitialiseItem)
    vListInsert                              0x08005725   Thumb Code    48  list.o(i.vListInsert)
    vListInsertEnd                           0x08005755   Thumb Code    24  list.o(i.vListInsertEnd)
    vPortEnterCritical                       0x0800576d   Thumb Code    54  port.o(i.vPortEnterCritical)
    vPortExitCritical                        0x080057ad   Thumb Code    34  port.o(i.vPortExitCritical)
    vPortFree                                0x080057d5   Thumb Code    94  heap_4.o(i.vPortFree)
    vPortSetupTimerInterrupt                 0x08005839   Thumb Code    32  port.o(i.vPortSetupTimerInterrupt)
    vPortValidateInterruptPriority           0x0800585d   Thumb Code    74  port.o(i.vPortValidateInterruptPriority)
    vQueueAddToRegistry                      0x080058b1   Thumb Code    34  queue.o(i.vQueueAddToRegistry)
    vQueueDelete                             0x080058d9   Thumb Code    46  queue.o(i.vQueueDelete)
    vQueueUnregisterQueue                    0x08005909   Thumb Code    36  queue.o(i.vQueueUnregisterQueue)
    vQueueWaitForMessageRestricted           0x08005931   Thumb Code    68  queue.o(i.vQueueWaitForMessageRestricted)
    vTaskDelay                               0x08005975   Thumb Code    66  tasks.o(i.vTaskDelay)
    vTaskInternalSetTimeOutState             0x080059c1   Thumb Code    12  tasks.o(i.vTaskInternalSetTimeOutState)
    vTaskMissedYield                         0x080059d1   Thumb Code     8  tasks.o(i.vTaskMissedYield)
    vTaskPlaceOnEventList                    0x080059dd   Thumb Code    44  tasks.o(i.vTaskPlaceOnEventList)
    vTaskPlaceOnEventListRestricted          0x08005a0d   Thumb Code    52  tasks.o(i.vTaskPlaceOnEventListRestricted)
    vTaskPriorityDisinheritAfterTimeout      0x08005a45   Thumb Code   134  tasks.o(i.vTaskPriorityDisinheritAfterTimeout)
    vTaskStartScheduler                      0x08005ad5   Thumb Code   118  tasks.o(i.vTaskStartScheduler)
    vTaskSuspendAll                          0x08005b5d   Thumb Code    10  tasks.o(i.vTaskSuspendAll)
    vTaskSwitchContext                       0x08005b6d   Thumb Code    90  tasks.o(i.vTaskSwitchContext)
    xPortStartScheduler                      0x08005bd1   Thumb Code   222  port.o(i.xPortStartScheduler)
    xPortSysTickHandler                      0x08005cc5   Thumb Code    38  port.o(i.xPortSysTickHandler)
    xQueueCreateCountingSemaphore            0x08005cf1   Thumb Code    58  queue.o(i.xQueueCreateCountingSemaphore)
    xQueueCreateCountingSemaphoreStatic      0x08005d2b   Thumb Code    64  queue.o(i.xQueueCreateCountingSemaphoreStatic)
    xQueueCreateMutex                        0x08005d6b   Thumb Code    22  queue.o(i.xQueueCreateMutex)
    xQueueCreateMutexStatic                  0x08005d81   Thumb Code    26  queue.o(i.xQueueCreateMutexStatic)
    xQueueGenericCreate                      0x08005d9b   Thumb Code    66  queue.o(i.xQueueGenericCreate)
    xQueueGenericCreateStatic                0x08005ddd   Thumb Code   102  queue.o(i.xQueueGenericCreateStatic)
    xQueueGenericReset                       0x08005e45   Thumb Code   132  queue.o(i.xQueueGenericReset)
    xQueueGenericSend                        0x08005ecd   Thumb Code   346  queue.o(i.xQueueGenericSend)
    xQueueGenericSendFromISR                 0x0800602d   Thumb Code   190  queue.o(i.xQueueGenericSendFromISR)
    xQueueGiveMutexRecursive                 0x080060eb   Thumb Code    62  queue.o(i.xQueueGiveMutexRecursive)
    xQueueReceive                            0x08006129   Thumb Code   308  queue.o(i.xQueueReceive)
    xQueueSemaphoreTake                      0x08006261   Thumb Code   372  queue.o(i.xQueueSemaphoreTake)
    xQueueTakeMutexRecursive                 0x080063d9   Thumb Code    64  queue.o(i.xQueueTakeMutexRecursive)
    xTaskCheckForTimeOut                     0x08006419   Thumb Code   112  tasks.o(i.xTaskCheckForTimeOut)
    xTaskCreate                              0x0800648d   Thumb Code    90  tasks.o(i.xTaskCreate)
    xTaskCreateStatic                        0x080064ed   Thumb Code    86  tasks.o(i.xTaskCreateStatic)
    xTaskGetCurrentTaskHandle                0x08006545   Thumb Code     6  tasks.o(i.xTaskGetCurrentTaskHandle)
    xTaskGetSchedulerState                   0x08006551   Thumb Code    22  tasks.o(i.xTaskGetSchedulerState)
    xTaskGetTickCount                        0x0800656d   Thumb Code     6  tasks.o(i.xTaskGetTickCount)
    xTaskIncrementTick                       0x08006579   Thumb Code   192  tasks.o(i.xTaskIncrementTick)
    xTaskPriorityDisinherit                  0x08006641   Thumb Code   118  tasks.o(i.xTaskPriorityDisinherit)
    xTaskPriorityInherit                     0x080066c1   Thumb Code   112  tasks.o(i.xTaskPriorityInherit)
    xTaskRemoveFromEventList                 0x08006739   Thumb Code    98  tasks.o(i.xTaskRemoveFromEventList)
    xTaskResumeAll                           0x080067a9   Thumb Code   182  tasks.o(i.xTaskResumeAll)
    xTimerCreateTimerTask                    0x0800686d   Thumb Code    78  timers.o(i.xTimerCreateTimerTask)
    xTimerGenericCommand                     0x080068cd   Thumb Code    98  timers.o(i.xTimerGenericCommand)
    _fp_init                                 0x08006935   Thumb Code    10  fpinit.o(x$fpl$fpinit)
    __fplib_config_fpu_vfp                   0x0800693d   Thumb Code     0  fpinit.o(x$fpl$fpinit)
    __fplib_config_pureend_doubles           0x0800693d   Thumb Code     0  fpinit.o(x$fpl$fpinit)
    RTC_Task_attributes                      0x08006940   Data          36  main.o(.constdata)
    OTP_Task_attributes                      0x08006964   Data          36  main.o(.constdata)
    Uart_Task_attributes                     0x08006988   Data          36  main.o(.constdata)
    LCD_Task_attributes                      0x080069ac   Data          36  main.o(.constdata)
    OTP_Mutex_attributes                     0x080069d0   Data          16  main.o(.constdata)
    Time_Mutex_attributes                    0x080069e0   Data          16  main.o(.constdata)
    UartSem_attributes                       0x080069f0   Data          16  main.o(.constdata)
    secret_key                               0x08006a00   Data          16  main.o(.constdata)
    AHBPrescTable                            0x08006a10   Data          16  system_stm32l4xx.o(.constdata)
    MSIRangeTable                            0x08006a20   Data          48  system_stm32l4xx.o(.constdata)
    APBPrescTable                            0x08006a50   Data           8  system_stm32l4xx.o(.constdata)
    CMOX_HMAC_SHA1_ALGO                      0x08006aec   Data           4  cmox_hmac_sha1.c.o(.rodata)
    cmox_table                               0x08006af0   Data           8  cmox_init.c.o(.rodata)
    cmox_utils_robustCmp_bt_bb               0x08006af8   Data           4  cmox_utils_compare.c.o(.rodata)
    Region$$Table$$Base                      0x08006b04   Number         0  anon$$obj.o(Region$$Table)
    Region$$Table$$Limit                     0x08006b24   Number         0  anon$$obj.o(Region$$Table)
    sync_done                                0x20000000   Data           1  main.o(.data)
    secbuffer                                0x20000001   Data           2  main.o(.data)
    minbuffer                                0x20000003   Data           2  main.o(.data)
    hourbuffer                               0x20000005   Data           2  main.o(.data)
    current_otp                              0x20000008   Data           4  main.o(.data)
    RTC_TaskHandle                           0x2000000c   Data           4  main.o(.data)
    OTP_TaskHandle                           0x20000010   Data           4  main.o(.data)
    Uart_TaskHandle                          0x20000014   Data           4  main.o(.data)
    LCD_TaskHandle                           0x20000018   Data           4  main.o(.data)
    OTP_MutexHandle                          0x2000001c   Data           4  main.o(.data)
    Time_MutexHandle                         0x20000020   Data           4  main.o(.data)
    UartSemHandle                            0x20000024   Data           4  main.o(.data)
    uwTickFreq                               0x20000028   Data           1  stm32l4xx_hal.o(.data)
    uwTickPrio                               0x2000002c   Data           4  stm32l4xx_hal.o(.data)
    uwTick                                   0x20000030   Data           4  stm32l4xx_hal.o(.data)
    SystemCoreClock                          0x20000034   Data           4  system_stm32l4xx.o(.data)
    pxCurrentTCB                             0x20000038   Data           4  tasks.o(.data)
    hi2c1                                    0x200000b8   Data          84  main.o(.bss)
    huart2                                   0x2000010c   Data         132  main.o(.bss)
    htim1                                    0x20000190   Data          76  stm32l4xx_hal_timebase_tim.o(.bss)
    xQueueRegistry                           0x200001dc   Data          64  queue.o(.bss)
    cmox_init_ctxi                           0x20001a68   Data           1  cmox_init.c.o(.bss)
    __libspace_start                         0x20001a6c   Data          96  libspace.o(.bss)
    __temporary_stack_top$libspace           0x20001acc   Data           0  libspace.o(.bss)



==============================================================================

Memory Map of the image

  Image Entry point : 0x0800018d

  Load Region LR_IROM1 (Base: 0x08000000, Size: 0x00006bdc, Max: 0x00040000, ABSOLUTE)

    Execution Region ER_IROM1 (Exec base: 0x08000000, Load base: 0x08000000, Size: 0x00006b24, Max: 0x00040000, ABSOLUTE)

    Exec Addr    Load Addr    Size         Type   Attr      Idx    E Section Name        Object

    0x08000000   0x08000000   0x0000018c   Data   RO            3    RESET               startup_stm32l432xx.o
    0x0800018c   0x0800018c   0x00000008   Code   RO         6165  * !!!main             c_w.l(__main.o)
    0x08000194   0x08000194   0x00000034   Code   RO         6347    !!!scatter          c_w.l(__scatter.o)
    0x080001c8   0x080001c8   0x0000001a   Code   RO         6349    !!handler_copy      c_w.l(__scatter_copy.o)
    0x080001e2   0x080001e2   0x00000002   PAD
    0x080001e4   0x080001e4   0x0000001c   Code   RO         6351    !!handler_zi        c_w.l(__scatter_zi.o)
    0x08000200   0x08000200   0x00000000   Code   RO         6150    .ARM.Collect$$_printf_percent$$00000000  c_w.l(_printf_percent.o)
    0x08000200   0x08000200   0x00000006   Code   RO         6149    .ARM.Collect$$_printf_percent$$0000000A  c_w.l(_printf_u.o)
    0x08000206   0x08000206   0x00000006   Code   RO         6148    .ARM.Collect$$_printf_percent$$0000000C  c_w.l(_printf_x.o)
    0x0800020c   0x0800020c   0x00000004   Code   RO         6180    .ARM.Collect$$_printf_percent$$00000017  c_w.l(_printf_percent_end.o)
    0x08000210   0x08000210   0x00000002   Code   RO         6215    .ARM.Collect$$libinit$$00000000  c_w.l(libinit.o)
    0x08000212   0x08000212   0x00000004   Code   RO         6227    .ARM.Collect$$libinit$$00000001  c_w.l(libinit2.o)
    0x08000216   0x08000216   0x00000000   Code   RO         6230    .ARM.Collect$$libinit$$00000004  c_w.l(libinit2.o)
    0x08000216   0x08000216   0x00000000   Code   RO         6233    .ARM.Collect$$libinit$$0000000A  c_w.l(libinit2.o)
    0x08000216   0x08000216   0x00000000   Code   RO         6235    .ARM.Collect$$libinit$$0000000C  c_w.l(libinit2.o)
    0x08000216   0x08000216   0x00000000   Code   RO         6237    .ARM.Collect$$libinit$$0000000E  c_w.l(libinit2.o)
    0x08000216   0x08000216   0x00000000   Code   RO         6240    .ARM.Collect$$libinit$$00000011  c_w.l(libinit2.o)
    0x08000216   0x08000216   0x00000000   Code   RO         6242    .ARM.Collect$$libinit$$00000013  c_w.l(libinit2.o)
    0x08000216   0x08000216   0x00000000   Code   RO         6244    .ARM.Collect$$libinit$$00000015  c_w.l(libinit2.o)
    0x08000216   0x08000216   0x00000000   Code   RO         6246    .ARM.Collect$$libinit$$00000017  c_w.l(libinit2.o)
    0x08000216   0x08000216   0x00000000   Code   RO         6248    .ARM.Collect$$libinit$$00000019  c_w.l(libinit2.o)
    0x08000216   0x08000216   0x00000000   Code   RO         6250    .ARM.Collect$$libinit$$0000001B  c_w.l(libinit2.o)
    0x08000216   0x08000216   0x00000000   Code   RO         6252    .ARM.Collect$$libinit$$0000001D  c_w.l(libinit2.o)
    0x08000216   0x08000216   0x00000000   Code   RO         6254    .ARM.Collect$$libinit$$0000001F  c_w.l(libinit2.o)
    0x08000216   0x08000216   0x00000000   Code   RO         6256    .ARM.Collect$$libinit$$00000021  c_w.l(libinit2.o)
    0x08000216   0x08000216   0x00000000   Code   RO         6258    .ARM.Collect$$libinit$$00000023  c_w.l(libinit2.o)
    0x08000216   0x08000216   0x00000000   Code   RO         6260    .ARM.Collect$$libinit$$00000025  c_w.l(libinit2.o)
    0x08000216   0x08000216   0x00000000   Code   RO         6264    .ARM.Collect$$libinit$$0000002C  c_w.l(libinit2.o)
    0x08000216   0x08000216   0x00000000   Code   RO         6266    .ARM.Collect$$libinit$$0000002E  c_w.l(libinit2.o)
    0x08000216   0x08000216   0x00000000   Code   RO         6268    .ARM.Collect$$libinit$$00000030  c_w.l(libinit2.o)
    0x08000216   0x08000216   0x00000000   Code   RO         6270    .ARM.Collect$$libinit$$00000032  c_w.l(libinit2.o)
    0x08000216   0x08000216   0x00000002   Code   RO         6271    .ARM.Collect$$libinit$$00000033  c_w.l(libinit2.o)
    0x08000218   0x08000218   0x00000002   Code   RO         6302    .ARM.Collect$$libshutdown$$00000000  c_w.l(libshutdown.o)
    0x0800021a   0x0800021a   0x00000000   Code   RO         6328    .ARM.Collect$$libshutdown$$00000002  c_w.l(libshutdown2.o)
    0x0800021a   0x0800021a   0x00000000   Code   RO         6330    .ARM.Collect$$libshutdown$$00000004  c_w.l(libshutdown2.o)
    0x0800021a   0x0800021a   0x00000000   Code   RO         6332    .ARM.Collect$$libshutdown$$00000006  c_w.l(libshutdown2.o)
    0x0800021a   0x0800021a   0x00000000   Code   RO         6335    .ARM.Collect$$libshutdown$$00000009  c_w.l(libshutdown2.o)
    0x0800021a   0x0800021a   0x00000000   Code   RO         6338    .ARM.Collect$$libshutdown$$0000000C  c_w.l(libshutdown2.o)
    0x0800021a   0x0800021a   0x00000000   Code   RO         6340    .ARM.Collect$$libshutdown$$0000000E  c_w.l(libshutdown2.o)
    0x0800021a   0x0800021a   0x00000000   Code   RO         6343    .ARM.Collect$$libshutdown$$00000011  c_w.l(libshutdown2.o)
    0x0800021a   0x0800021a   0x00000002   Code   RO         6344    .ARM.Collect$$libshutdown$$00000012  c_w.l(libshutdown2.o)
    0x0800021c   0x0800021c   0x00000000   Code   RO         6167    .ARM.Collect$$rtentry$$00000000  c_w.l(__rtentry.o)
    0x0800021c   0x0800021c   0x00000000   Code   RO         6184    .ARM.Collect$$rtentry$$00000002  c_w.l(__rtentry2.o)
    0x0800021c   0x0800021c   0x00000006   Code   RO         6196    .ARM.Collect$$rtentry$$00000004  c_w.l(__rtentry4.o)
    0x08000222   0x08000222   0x00000000   Code   RO         6186    .ARM.Collect$$rtentry$$00000009  c_w.l(__rtentry2.o)
    0x08000222   0x08000222   0x00000004   Code   RO         6187    .ARM.Collect$$rtentry$$0000000A  c_w.l(__rtentry2.o)
    0x08000226   0x08000226   0x00000000   Code   RO         6189    .ARM.Collect$$rtentry$$0000000C  c_w.l(__rtentry2.o)
    0x08000226   0x08000226   0x00000008   Code   RO         6190    .ARM.Collect$$rtentry$$0000000D  c_w.l(__rtentry2.o)
    0x0800022e   0x0800022e   0x00000002   Code   RO         6219    .ARM.Collect$$rtexit$$00000000  c_w.l(rtexit.o)
    0x08000230   0x08000230   0x00000000   Code   RO         6275    .ARM.Collect$$rtexit$$00000002  c_w.l(rtexit2.o)
    0x08000230   0x08000230   0x00000004   Code   RO         6276    .ARM.Collect$$rtexit$$00000003  c_w.l(rtexit2.o)
    0x08000234   0x08000234   0x00000006   Code   RO         6277    .ARM.Collect$$rtexit$$00000004  c_w.l(rtexit2.o)
    0x0800023a   0x0800023a   0x00000002   PAD
    0x0800023c   0x0800023c   0x000000de   Code   RO         5917    .emb_text           port.o
    0x0800031a   0x0800031a   0x00000002   PAD
    0x0800031c   0x0800031c   0x00000040   Code   RO            4    .text               startup_stm32l432xx.o
    0x0800035c   0x0800035c   0x00000006   Code   RO         5994    .text               libSTM32Cryptographic_CM4.a(cmox_hmac_sha1.c.o)
    0x08000362   0x08000362   0x00000004   Code   RO         5995    .text               libSTM32Cryptographic_CM4.a(cmox_hmac_sha1.c.o)
    0x08000366   0x08000366   0x00000004   Code   RO         5996    .text               libSTM32Cryptographic_CM4.a(cmox_hmac_sha1.c.o)
    0x0800036a   0x0800036a   0x00000002   PAD
    0x0800036c   0x0800036c   0x0000002c   Code   RO         5997    .text               libSTM32Cryptographic_CM4.a(cmox_hmac_sha1.c.o)
    0x08000398   0x08000398   0x0000003c   Code   RO         5999    .text               libSTM32Cryptographic_CM4.a(cmox_hmac_sha1.c.o)
    0x080003d4   0x080003d4   0x00000038   Code   RO         6000    .text               libSTM32Cryptographic_CM4.a(cmox_hmac_sha1.c.o)
    0x0800040c   0x0800040c   0x00000080   Code   RO         6007    .text               libSTM32Cryptographic_CM4.a(cmox_init.c.o)
    0x0800048c   0x0800048c   0x00000086   Code   RO         6018    .text               libSTM32Cryptographic_CM4.a(cmox_mac.c.o)
    0x08000512   0x08000512   0x00000086   Code   RO         6019    .text               libSTM32Cryptographic_CM4.a(cmox_mac.c.o)
    0x08000598   0x08000598   0x00000006   Code   RO         6020    .text               libSTM32Cryptographic_CM4.a(cmox_mac.c.o)
    0x0800059e   0x0800059e   0x00000002   PAD
    0x080005a0   0x080005a0   0x00000044   Code   RO         6021    .text               libSTM32Cryptographic_CM4.a(cmox_mac.c.o)
    0x080005e4   0x080005e4   0x00000020   Code   RO         6024    .text               libSTM32Cryptographic_CM4.a(cmox_hmac.c.o)
    0x08000604   0x08000604   0x00000024   Code   RO         6025    .text               libSTM32Cryptographic_CM4.a(cmox_hmac.c.o)
    0x08000628   0x08000628   0x00000028   Code   RO         6026    .text               libSTM32Cryptographic_CM4.a(cmox_hmac.c.o)
    0x08000650   0x08000650   0x000001c8   Code   RO         6027    .text               libSTM32Cryptographic_CM4.a(cmox_hmac.c.o)
    0x08000818   0x08000818   0x0000003c   Code   RO         6028    .text               libSTM32Cryptographic_CM4.a(cmox_hmac.c.o)
    0x08000854   0x08000854   0x000000d4   Code   RO         6029    .text               libSTM32Cryptographic_CM4.a(cmox_hmac.c.o)
    0x08000928   0x08000928   0x00000100   Code   RO         6030    .text               libSTM32Cryptographic_CM4.a(cmox_hmac.c.o)
    0x08000a28   0x08000a28   0x00000038   Code   RO         6031    .text               libSTM32Cryptographic_CM4.a(cmox_hmac.c.o)
    0x08000a60   0x08000a60   0x0000001c   Code   RO         6032    .text               libSTM32Cryptographic_CM4.a(cmox_hmac.c.o)
    0x08000a7c   0x08000a7c   0x000004f6   Code   RO         6035    .text               libSTM32Cryptographic_CM4.a(cmox_sha1.c.o)
    0x08000f72   0x08000f72   0x00000002   PAD
    0x08000f74   0x08000f74   0x0000002c   Code   RO         6036    .text               libSTM32Cryptographic_CM4.a(cmox_sha1.c.o)
    0x08000fa0   0x08000fa0   0x00000040   Code   RO         6037    .text               libSTM32Cryptographic_CM4.a(cmox_sha1.c.o)
    0x08000fe0   0x08000fe0   0x00000020   Code   RO         6038    .text               libSTM32Cryptographic_CM4.a(cmox_sha1.c.o)
    0x08001000   0x08001000   0x00000030   Code   RO         6039    .text               libSTM32Cryptographic_CM4.a(cmox_sha1.c.o)
    0x08001030   0x08001030   0x00000030   Code   RO         6040    .text               libSTM32Cryptographic_CM4.a(cmox_sha1.c.o)
    0x08001060   0x08001060   0x00000080   Code   RO         6041    .text               libSTM32Cryptographic_CM4.a(cmox_sha1.c.o)
    0x080010e0   0x080010e0   0x00000028   Code   RO         6044    .text               libSTM32Cryptographic_CM4.a(cmox_sha1.c.o)
    0x08001108   0x08001108   0x0000005c   Code   RO         6053    .text               libSTM32Cryptographic_CM4.a(cmox_hash.c.o)
    0x08001164   0x08001164   0x00000008   Code   RO         6055    .text               libSTM32Cryptographic_CM4.a(cmox_md.c.o)
    0x0800116c   0x0800116c   0x00000044   Code   RO         6057    .text               libSTM32Cryptographic_CM4.a(cmox_md.c.o)
    0x080011b0   0x080011b0   0x0000001a   Code   RO         6059    .text               libSTM32Cryptographic_CM4.a(cmox_md.c.o)
    0x080011ca   0x080011ca   0x00000008   Code   RO         6061    .text               libSTM32Cryptographic_CM4.a(cmox_md.c.o)
    0x080011d2   0x080011d2   0x0000001e   Code   RO         6062    .text               libSTM32Cryptographic_CM4.a(cmox_md.c.o)
    0x080011f0   0x080011f0   0x00000008   Code   RO         6063    .text               libSTM32Cryptographic_CM4.a(cmox_md.c.o)
    0x080011f8   0x080011f8   0x000000a8   Code   RO         6064    .text               libSTM32Cryptographic_CM4.a(cmox_md.c.o)
    0x080012a0   0x080012a0   0x000001a6   Code   RO         6065    .text               libSTM32Cryptographic_CM4.a(cmox_md.c.o)
    0x08001446   0x08001446   0x00000030   Code   RO         6068    .text               libSTM32Cryptographic_CM4.a(cmox_utils_compare.c.o)
    0x08001476   0x08001476   0x00000036   Code   RO         6069    .text               libSTM32Cryptographic_CM4.a(cmox_utils_compare.c.o)
    0x080014ac   0x080014ac   0x00000102   Code   RO         6078    .text               libSTM32Cryptographic_CM4.a(cmox_utils_compare.c.o)
    0x080015ae   0x080015ae   0x000000ee   Code   RO         6093    .text               c_w.l(lludivv7m.o)
    0x0800169c   0x0800169c   0x00000038   Code   RO         6097    .text               c_w.l(__2snprintf.o)
    0x080016d4   0x080016d4   0x0000004e   Code   RO         6103    .text               c_w.l(_printf_pad.o)
    0x08001722   0x08001722   0x00000002   PAD
    0x08001724   0x08001724   0x00000078   Code   RO         6105    .text               c_w.l(_printf_dec.o)
    0x0800179c   0x0800179c   0x00000058   Code   RO         6110    .text               c_w.l(_printf_hex_int.o)
    0x080017f4   0x080017f4   0x0000018e   Code   RO         6145    .text               c_w.l(__printf_flags_ss_wp.o)
    0x08001982   0x08001982   0x00000096   Code   RO         6151    .text               c_w.l(strncmp.o)
    0x08001a18   0x08001a18   0x0000008a   Code   RO         6153    .text               c_w.l(rt_memcpy_v6.o)
    0x08001aa2   0x08001aa2   0x00000010   Code   RO         6157    .text               c_w.l(aeabi_memset.o)
    0x08001ab2   0x08001ab2   0x00000044   Code   RO         6159    .text               c_w.l(rt_memclr.o)
    0x08001af6   0x08001af6   0x0000004e   Code   RO         6161    .text               c_w.l(rt_memclr_w.o)
    0x08001b44   0x08001b44   0x00000006   Code   RO         6163    .text               c_w.l(heapauxi.o)
    0x08001b4a   0x08001b4a   0x000000b2   Code   RO         6172    .text               c_w.l(_printf_intcommon.o)
    0x08001bfc   0x08001bfc   0x00000030   Code   RO         6174    .text               c_w.l(_printf_char_common.o)
    0x08001c2c   0x08001c2c   0x0000000a   Code   RO         6176    .text               c_w.l(_sputc.o)
    0x08001c36   0x08001c36   0x00000010   Code   RO         6178    .text               c_w.l(_snputc.o)
    0x08001c46   0x08001c46   0x00000064   Code   RO         6181    .text               c_w.l(rt_memcpy_w.o)
    0x08001caa   0x08001caa   0x0000004a   Code   RO         6202    .text               c_w.l(sys_stackheap_outer.o)
    0x08001cf4   0x08001cf4   0x00000012   Code   RO         6204    .text               c_w.l(exit.o)
    0x08001d06   0x08001d06   0x00000002   PAD
    0x08001d08   0x08001d08   0x00000008   Code   RO         6216    .text               c_w.l(libspace.o)
    0x08001d10   0x08001d10   0x0000000c   Code   RO         6272    .text               c_w.l(sys_exit.o)
    0x08001d1c   0x08001d1c   0x00000002   Code   RO         6291    .text               c_w.l(use_no_semi.o)
    0x08001d1e   0x08001d1e   0x00000000   Code   RO         6293    .text               c_w.l(indicate_semi.o)
    0x08001d1e   0x08001d1e   0x00000002   Code   RO          618    i.BusFault_Handler  stm32l4xx_it.o
    0x08001d20   0x08001d20   0x00000002   Code   RO          619    i.DebugMon_Handler  stm32l4xx_it.o
    0x08001d22   0x08001d22   0x00000004   Code   RO           13    i.Error_Handler     main.o
    0x08001d26   0x08001d26   0x0000004a   Code   RO         1543    i.HAL_DMA_Abort     stm32l4xx_hal_dma.o
    0x08001d70   0x08001d70   0x0000004e   Code   RO         1544    i.HAL_DMA_Abort_IT  stm32l4xx_hal_dma.o
    0x08001dbe   0x08001dbe   0x00000002   PAD
    0x08001dc0   0x08001dc0   0x00000024   Code   RO          786    i.HAL_Delay         stm32l4xx_hal.o
    0x08001de4   0x08001de4   0x00000202   Code   RO         1479    i.HAL_GPIO_Init     stm32l4xx_hal_gpio.o
    0x08001fe6   0x08001fe6   0x0000000a   Code   RO         1481    i.HAL_GPIO_ReadPin  stm32l4xx_hal_gpio.o
    0x08001ff0   0x08001ff0   0x0000000a   Code   RO         1483    i.HAL_GPIO_WritePin  stm32l4xx_hal_gpio.o
    0x08001ffa   0x08001ffa   0x00000002   PAD
    0x08001ffc   0x08001ffc   0x0000000c   Code   RO          790    i.HAL_GetTick       stm32l4xx_hal.o
    0x08002008   0x08002008   0x00000056   Code   RO         2670    i.HAL_I2CEx_ConfigAnalogFilter  stm32l4xx_hal_i2c_ex.o
    0x0800205e   0x0800205e   0x00000052   Code   RO         2671    i.HAL_I2CEx_ConfigDigitalFilter  stm32l4xx_hal_i2c_ex.o
    0x080020b0   0x080020b0   0x000000b8   Code   RO         2209    i.HAL_I2C_Init      stm32l4xx_hal_i2c.o
    0x08002168   0x08002168   0x0000012a   Code   RO         2215    i.HAL_I2C_Master_Receive  stm32l4xx_hal_i2c.o
    0x08002292   0x08002292   0x00000002   PAD
    0x08002294   0x08002294   0x0000012a   Code   RO         2222    i.HAL_I2C_Master_Transmit  stm32l4xx_hal_i2c.o
    0x080023be   0x080023be   0x00000002   PAD
    0x080023c0   0x080023c0   0x00000080   Code   RO          693    i.HAL_I2C_MspInit   stm32l4xx_hal_msp.o
    0x08002440   0x08002440   0x00000010   Code   RO          796    i.HAL_IncTick       stm32l4xx_hal.o
    0x08002450   0x08002450   0x0000001e   Code   RO          797    i.HAL_Init          stm32l4xx_hal.o
    0x0800246e   0x0800246e   0x00000002   PAD
    0x08002470   0x08002470   0x0000008c   Code   RO          740    i.HAL_InitTick      stm32l4xx_hal_timebase_tim.o
    0x080024fc   0x080024fc   0x00000034   Code   RO          694    i.HAL_MspInit       stm32l4xx_hal_msp.o
    0x08002530   0x08002530   0x0000001a   Code   RO         1996    i.HAL_NVIC_EnableIRQ  stm32l4xx_hal_cortex.o
    0x0800254a   0x0800254a   0x00000002   PAD
    0x0800254c   0x0800254c   0x00000040   Code   RO         2002    i.HAL_NVIC_SetPriority  stm32l4xx_hal_cortex.o
    0x0800258c   0x0800258c   0x00000024   Code   RO         2003    i.HAL_NVIC_SetPriorityGrouping  stm32l4xx_hal_cortex.o
    0x080025b0   0x080025b0   0x00000068   Code   RO         1770    i.HAL_PWREx_ControlVoltageScaling  stm32l4xx_hal_pwr_ex.o
    0x08002618   0x08002618   0x00000010   Code   RO         1797    i.HAL_PWREx_GetVoltageRange  stm32l4xx_hal_pwr_ex.o
    0x08002628   0x08002628   0x00000010   Code   RO         1662    i.HAL_PWR_EnableBkUpAccess  stm32l4xx_hal_pwr.o
    0x08002638   0x08002638   0x00000010   Code   RO         1106    i.HAL_RCCEx_EnableMSIPLLMode  stm32l4xx_hal_rcc_ex.o
    0x08002648   0x08002648   0x0000028a   Code   RO         1112    i.HAL_RCCEx_PeriphCLKConfig  stm32l4xx_hal_rcc_ex.o
    0x080028d2   0x080028d2   0x00000002   PAD
    0x080028d4   0x080028d4   0x00000144   Code   RO          984    i.HAL_RCC_ClockConfig  stm32l4xx_hal_rcc.o
    0x08002a18   0x08002a18   0x00000040   Code   RO          987    i.HAL_RCC_GetClockConfig  stm32l4xx_hal_rcc.o
    0x08002a58   0x08002a58   0x00000024   Code   RO          990    i.HAL_RCC_GetPCLK1Freq  stm32l4xx_hal_rcc.o
    0x08002a7c   0x08002a7c   0x00000024   Code   RO          991    i.HAL_RCC_GetPCLK2Freq  stm32l4xx_hal_rcc.o
    0x08002aa0   0x08002aa0   0x000000a4   Code   RO          993    i.HAL_RCC_GetSysClockFreq  stm32l4xx_hal_rcc.o
    0x08002b44   0x08002b44   0x00000560   Code   RO          996    i.HAL_RCC_OscConfig  stm32l4xx_hal_rcc.o
    0x080030a4   0x080030a4   0x00000002   Code   RO         3440    i.HAL_TIMEx_Break2Callback  stm32l4xx_hal_tim_ex.o
    0x080030a6   0x080030a6   0x00000002   Code   RO         3441    i.HAL_TIMEx_BreakCallback  stm32l4xx_hal_tim_ex.o
    0x080030a8   0x080030a8   0x00000002   Code   RO         3442    i.HAL_TIMEx_CommutCallback  stm32l4xx_hal_tim_ex.o
    0x080030aa   0x080030aa   0x00000062   Code   RO         2726    i.HAL_TIM_Base_Init  stm32l4xx_hal_tim.o
    0x0800310c   0x0800310c   0x00000002   Code   RO         2728    i.HAL_TIM_Base_MspInit  stm32l4xx_hal_tim.o
    0x0800310e   0x0800310e   0x00000002   PAD
    0x08003110   0x08003110   0x00000058   Code   RO         2731    i.HAL_TIM_Base_Start_IT  stm32l4xx_hal_tim.o
    0x08003168   0x08003168   0x00000002   Code   RO         2760    i.HAL_TIM_IC_CaptureCallback  stm32l4xx_hal_tim.o
    0x0800316a   0x0800316a   0x00000184   Code   RO         2774    i.HAL_TIM_IRQHandler  stm32l4xx_hal_tim.o
    0x080032ee   0x080032ee   0x00000002   Code   RO         2777    i.HAL_TIM_OC_DelayElapsedCallback  stm32l4xx_hal_tim.o
    0x080032f0   0x080032f0   0x00000002   Code   RO         2804    i.HAL_TIM_PWM_PulseFinishedCallback  stm32l4xx_hal_tim.o
    0x080032f2   0x080032f2   0x00000002   PAD
    0x080032f4   0x080032f4   0x00000014   Code   RO           14    i.HAL_TIM_PeriodElapsedCallback  main.o
    0x08003308   0x08003308   0x00000002   Code   RO         2817    i.HAL_TIM_TriggerCallback  stm32l4xx_hal_tim.o
    0x0800330a   0x0800330a   0x00000002   Code   RO         3734    i.HAL_UARTEx_RxEventCallback  stm32l4xx_hal_uart.o
    0x0800330c   0x0800330c   0x00000002   Code   RO         4127    i.HAL_UARTEx_WakeupCallback  stm32l4xx_hal_uart_ex.o
    0x0800330e   0x0800330e   0x00000002   Code   RO         3750    i.HAL_UART_ErrorCallback  stm32l4xx_hal_uart.o
    0x08003310   0x08003310   0x00000294   Code   RO         3753    i.HAL_UART_IRQHandler  stm32l4xx_hal_uart.o
    0x080035a4   0x080035a4   0x00000066   Code   RO         3754    i.HAL_UART_Init     stm32l4xx_hal_uart.o
    0x0800360a   0x0800360a   0x00000002   PAD
    0x0800360c   0x0800360c   0x000000a0   Code   RO          696    i.HAL_UART_MspInit  stm32l4xx_hal_msp.o
    0x080036ac   0x080036ac   0x000000fe   Code   RO         3757    i.HAL_UART_Receive  stm32l4xx_hal_uart.o
    0x080037aa   0x080037aa   0x00000002   PAD
    0x080037ac   0x080037ac   0x000000b6   Code   RO         3763    i.HAL_UART_Transmit  stm32l4xx_hal_uart.o
    0x08003862   0x08003862   0x00000002   Code   RO         3766    i.HAL_UART_TxCpltCallback  stm32l4xx_hal_uart.o
    0x08003864   0x08003864   0x00000002   Code   RO          620    i.HardFault_Handler  stm32l4xx_it.o
    0x08003866   0x08003866   0x00000022   Code   RO         2256    i.I2C_Flush_TXDR    stm32l4xx_hal_i2c.o
    0x08003888   0x08003888   0x00000120   Code   RO         2264    i.I2C_IsErrorOccurred  stm32l4xx_hal_i2c.o
    0x080039a8   0x080039a8   0x00000030   Code   RO         2273    i.I2C_TransferConfig  stm32l4xx_hal_i2c.o
    0x080039d8   0x080039d8   0x00000058   Code   RO         2275    i.I2C_WaitOnFlagUntilTimeout  stm32l4xx_hal_i2c.o
    0x08003a30   0x08003a30   0x0000009c   Code   RO         2276    i.I2C_WaitOnRXNEFlagUntilTimeout  stm32l4xx_hal_i2c.o
    0x08003acc   0x08003acc   0x0000004c   Code   RO         2277    i.I2C_WaitOnSTOPFlagUntilTimeout  stm32l4xx_hal_i2c.o
    0x08003b18   0x08003b18   0x00000050   Code   RO         2278    i.I2C_WaitOnTXISFlagUntilTimeout  stm32l4xx_hal_i2c.o
    0x08003b68   0x08003b68   0x00000022   Code   RO           15    i.LCD_DelayMs       main.o
    0x08003b8a   0x08003b8a   0x0000001e   Code   RO           16    i.LCD_DelayUs       main.o
    0x08003ba8   0x08003ba8   0x0000007c   Code   RO           17    i.LCD_Init          main.o
    0x08003c24   0x08003c24   0x00000016   Code   RO           18    i.LCD_Print         main.o
    0x08003c3a   0x08003c3a   0x00000002   PAD
    0x08003c3c   0x08003c3c   0x00000038   Code   RO           19    i.LCD_SendByte      main.o
    0x08003c74   0x08003c74   0x00000012   Code   RO           20    i.LCD_SetCursor     main.o
    0x08003c86   0x08003c86   0x00000002   PAD
    0x08003c88   0x08003c88   0x0000006c   Code   RO           21    i.LCD_WriteNibble   main.o
    0x08003cf4   0x08003cf4   0x000000a4   Code   RO           22    i.MX_GPIO_Init      main.o
    0x08003d98   0x08003d98   0x00000044   Code   RO           23    i.MX_I2C1_Init      main.o
    0x08003ddc   0x08003ddc   0x0000002c   Code   RO           24    i.MX_USART2_UART_Init  main.o
    0x08003e08   0x08003e08   0x00000002   Code   RO          621    i.MemManage_Handler  stm32l4xx_it.o
    0x08003e0a   0x08003e0a   0x00000002   Code   RO          622    i.NMI_Handler       stm32l4xx_it.o
    0x08003e0c   0x08003e0c   0x0000012c   Code   RO         1116    i.RCCEx_PLLSAI1_Config  stm32l4xx_hal_rcc_ex.o
    0x08003f38   0x08003f38   0x0000007c   Code   RO          997    i.RCC_SetFlashLatencyFromMSIRange  stm32l4xx_hal_rcc.o
    0x08003fb4   0x08003fb4   0x000000d0   Code   RO           25    i.StartDefaultTask  main.o
    0x08004084   0x08004084   0x000000bc   Code   RO           26    i.StartLCDTask      main.o
    0x08004140   0x08004140   0x000000b4   Code   RO           27    i.StartTask02       main.o
    0x080041f4   0x080041f4   0x00000254   Code   RO           28    i.StartTask03       main.o
    0x08004448   0x08004448   0x0000001a   Code   RO         5349    i.SysTick_Handler   cmsis_os2.o
    0x08004462   0x08004462   0x00000002   PAD
    0x08004464   0x08004464   0x0000007c   Code   RO           29    i.SystemClock_Config  main.o
    0x080044e0   0x080044e0   0x00000010   Code   RO         4202    i.SystemInit        system_stm32l4xx.o
    0x080044f0   0x080044f0   0x0000000c   Code   RO          623    i.TIM1_UP_TIM16_IRQHandler  stm32l4xx_it.o
    0x080044fc   0x080044fc   0x0000006c   Code   RO         2819    i.TIM_Base_SetConfig  stm32l4xx_hal_tim.o
    0x08004568   0x08004568   0x000000c8   Code   RO         3768    i.UART_AdvFeatureConfig  stm32l4xx_hal_uart.o
    0x08004630   0x08004630   0x0000005c   Code   RO         3769    i.UART_CheckIdleState  stm32l4xx_hal_uart.o
    0x0800468c   0x0800468c   0x00000014   Code   RO         3770    i.UART_DMAAbortOnError  stm32l4xx_hal_uart.o
    0x080046a0   0x080046a0   0x0000004a   Code   RO         3780    i.UART_EndRxTransfer  stm32l4xx_hal_uart.o
    0x080046ea   0x080046ea   0x00000002   PAD
    0x080046ec   0x080046ec   0x000001dc   Code   RO         3784    i.UART_SetConfig    stm32l4xx_hal_uart.o
    0x080048c8   0x080048c8   0x000000c6   Code   RO         3789    i.UART_WaitOnFlagUntilTimeout  stm32l4xx_hal_uart.o
    0x0800498e   0x0800498e   0x00000002   PAD
    0x08004990   0x08004990   0x0000000c   Code   RO          624    i.USART2_IRQHandler  stm32l4xx_it.o
    0x0800499c   0x0800499c   0x00000002   Code   RO          625    i.UsageFault_Handler  stm32l4xx_it.o
    0x0800499e   0x0800499e   0x00000020   Code   RO         2009    i.__NVIC_SetPriority  stm32l4xx_hal_cortex.o
    0x080049be   0x080049be   0x0000000e   Code   RO         6138    i._is_digit         c_w.l(__printf_wp.o)
    0x080049cc   0x080049cc   0x00000004   Code   RO           31    i.cmox_ll_init      main.o
    0x080049d0   0x080049d0   0x0000017c   Code   RO           32    i.main              main.o
    0x08004b4c   0x08004b4c   0x0000001a   Code   RO         5351    i.osDelay           cmsis_os2.o
    0x08004b66   0x08004b66   0x00000002   PAD
    0x08004b68   0x08004b68   0x00000024   Code   RO         5365    i.osKernelInitialize  cmsis_os2.o
    0x08004b8c   0x08004b8c   0x00000038   Code   RO         5368    i.osKernelStart     cmsis_os2.o
    0x08004bc4   0x08004bc4   0x00000052   Code   RO         5388    i.osMutexAcquire    cmsis_os2.o
    0x08004c16   0x08004c16   0x00000068   Code   RO         5391    i.osMutexNew        cmsis_os2.o
    0x08004c7e   0x08004c7e   0x00000042   Code   RO         5392    i.osMutexRelease    cmsis_os2.o
    0x08004cc0   0x08004cc0   0x00000098   Code   RO         5396    i.osSemaphoreNew    cmsis_os2.o
    0x08004d58   0x08004d58   0x0000008a   Code   RO         5410    i.osThreadNew       cmsis_os2.o
    0x08004de2   0x08004de2   0x00000002   PAD
    0x08004de4   0x08004de4   0x0000005c   Code   RO         4810    i.prvAddCurrentTaskToDelayedList  tasks.o
    0x08004e40   0x08004e40   0x000000d0   Code   RO         4811    i.prvAddNewTaskToReadyList  tasks.o
    0x08004f10   0x08004f10   0x00000058   Code   RO         5175    i.prvCheckForValidListAndQueue  timers.o
    0x08004f68   0x08004f68   0x00000026   Code   RO         4407    i.prvCopyDataFromQueue  queue.o
    0x08004f8e   0x08004f8e   0x0000006c   Code   RO         4408    i.prvCopyDataToQueue  queue.o
    0x08004ffa   0x08004ffa   0x00000034   Code   RO         4812    i.prvDeleteTCB      tasks.o
    0x0800502e   0x0800502e   0x00000002   PAD
    0x08005030   0x08005030   0x00000048   Code   RO         5862    i.prvHeapInit       heap_4.o
    0x08005078   0x08005078   0x00000060   Code   RO         4813    i.prvIdleTask       tasks.o
    0x080050d8   0x080050d8   0x00000016   Code   RO         4409    i.prvInitialiseMutex  queue.o
    0x080050ee   0x080050ee   0x00000002   PAD
    0x080050f0   0x080050f0   0x00000022   Code   RO         4410    i.prvInitialiseNewQueue  queue.o
    0x08005112   0x08005112   0x00000002   PAD
    0x08005114   0x08005114   0x000000b6   Code   RO         4814    i.prvInitialiseNewTask  tasks.o
    0x080051ca   0x080051ca   0x00000002   PAD
    0x080051cc   0x080051cc   0x0000004c   Code   RO         5863    i.prvInsertBlockIntoFreeList  heap_4.o
    0x08005218   0x08005218   0x00000038   Code   RO         5177    i.prvInsertTimerInActiveList  timers.o
    0x08005250   0x08005250   0x0000001c   Code   RO         4411    i.prvIsQueueEmpty   queue.o
    0x0800526c   0x0800526c   0x000000fc   Code   RO         5178    i.prvProcessReceivedCommands  timers.o
    0x08005368   0x08005368   0x000000c0   Code   RO         5179    i.prvProcessTimerOrBlockTask  timers.o
    0x08005428   0x08005428   0x00000020   Code   RO         4816    i.prvResetNextTaskUnblockTime  tasks.o
    0x08005448   0x08005448   0x00000028   Code   RO         5180    i.prvSampleTimeNow  timers.o
    0x08005470   0x08005470   0x0000006c   Code   RO         5181    i.prvSwitchTimerLists  timers.o
    0x080054dc   0x080054dc   0x00000028   Code   RO         5918    i.prvTaskExitError  port.o
    0x08005504   0x08005504   0x00000024   Code   RO         5182    i.prvTimerTask      timers.o
    0x08005528   0x08005528   0x0000006a   Code   RO         4412    i.prvUnlockQueue    queue.o
    0x08005592   0x08005592   0x00000002   PAD
    0x08005594   0x08005594   0x000000dc   Code   RO         5864    i.pvPortMalloc      heap_4.o
    0x08005670   0x08005670   0x00000018   Code   RO         4819    i.pvTaskIncrementMutexHeldCount  tasks.o
    0x08005688   0x08005688   0x0000002c   Code   RO         5919    i.pxPortInitialiseStack  port.o
    0x080056b4   0x080056b4   0x00000026   Code   RO         4367    i.uxListRemove      list.o
    0x080056da   0x080056da   0x00000002   PAD
    0x080056dc   0x080056dc   0x00000014   Code   RO         5422    i.vApplicationGetIdleTaskMemory  cmsis_os2.o
    0x080056f0   0x080056f0   0x00000018   Code   RO         5423    i.vApplicationGetTimerTaskMemory  cmsis_os2.o
    0x08005708   0x08005708   0x00000016   Code   RO         4368    i.vListInitialise   list.o
    0x0800571e   0x0800571e   0x00000006   Code   RO         4369    i.vListInitialiseItem  list.o
    0x08005724   0x08005724   0x00000030   Code   RO         4370    i.vListInsert       list.o
    0x08005754   0x08005754   0x00000018   Code   RO         4371    i.vListInsertEnd    list.o
    0x0800576c   0x0800576c   0x00000040   Code   RO         5921    i.vPortEnterCritical  port.o
    0x080057ac   0x080057ac   0x00000028   Code   RO         5922    i.vPortExitCritical  port.o
    0x080057d4   0x080057d4   0x00000064   Code   RO         5865    i.vPortFree         heap_4.o
    0x08005838   0x08005838   0x00000024   Code   RO         5923    i.vPortSetupTimerInterrupt  port.o
    0x0800585c   0x0800585c   0x00000054   Code   RO         5924    i.vPortValidateInterruptPriority  port.o
    0x080058b0   0x080058b0   0x00000028   Code   RO         4418    i.vQueueAddToRegistry  queue.o
    0x080058d8   0x080058d8   0x0000002e   Code   RO         4419    i.vQueueDelete      queue.o
    0x08005906   0x08005906   0x00000002   PAD
    0x08005908   0x08005908   0x00000028   Code   RO         4421    i.vQueueUnregisterQueue  queue.o
    0x08005930   0x08005930   0x00000044   Code   RO         4422    i.vQueueWaitForMessageRestricted  queue.o
    0x08005974   0x08005974   0x0000004c   Code   RO         4829    i.vTaskDelay        tasks.o
    0x080059c0   0x080059c0   0x00000010   Code   RO         4834    i.vTaskInternalSetTimeOutState  tasks.o
    0x080059d0   0x080059d0   0x0000000c   Code   RO         4835    i.vTaskMissedYield  tasks.o
    0x080059dc   0x080059dc   0x00000030   Code   RO         4837    i.vTaskPlaceOnEventList  tasks.o
    0x08005a0c   0x08005a0c   0x00000038   Code   RO         4838    i.vTaskPlaceOnEventListRestricted  tasks.o
    0x08005a44   0x08005a44   0x00000090   Code   RO         4840    i.vTaskPriorityDisinheritAfterTimeout  tasks.o
    0x08005ad4   0x08005ad4   0x00000088   Code   RO         4846    i.vTaskStartScheduler  tasks.o
    0x08005b5c   0x08005b5c   0x00000010   Code   RO         4848    i.vTaskSuspendAll   tasks.o
    0x08005b6c   0x08005b6c   0x00000064   Code   RO         4849    i.vTaskSwitchContext  tasks.o
    0x08005bd0   0x08005bd0   0x000000f4   Code   RO         5925    i.xPortStartScheduler  port.o
    0x08005cc4   0x08005cc4   0x0000002c   Code   RO         5926    i.xPortSysTickHandler  port.o
    0x08005cf0   0x08005cf0   0x0000003a   Code   RO         4423    i.xQueueCreateCountingSemaphore  queue.o
    0x08005d2a   0x08005d2a   0x00000040   Code   RO         4424    i.xQueueCreateCountingSemaphoreStatic  queue.o
    0x08005d6a   0x08005d6a   0x00000016   Code   RO         4425    i.xQueueCreateMutex  queue.o
    0x08005d80   0x08005d80   0x0000001a   Code   RO         4426    i.xQueueCreateMutexStatic  queue.o
    0x08005d9a   0x08005d9a   0x00000042   Code   RO         4427    i.xQueueGenericCreate  queue.o
    0x08005ddc   0x08005ddc   0x00000066   Code   RO         4428    i.xQueueGenericCreateStatic  queue.o
    0x08005e42   0x08005e42   0x00000002   PAD
    0x08005e44   0x08005e44   0x00000088   Code   RO         4429    i.xQueueGenericReset  queue.o
    0x08005ecc   0x08005ecc   0x00000160   Code   RO         4430    i.xQueueGenericSend  queue.o
    0x0800602c   0x0800602c   0x000000be   Code   RO         4431    i.xQueueGenericSendFromISR  queue.o
    0x080060ea   0x080060ea   0x0000003e   Code   RO         4435    i.xQueueGiveMutexRecursive  queue.o
    0x08006128   0x08006128   0x00000138   Code   RO         4440    i.xQueueReceive     queue.o
    0x08006260   0x08006260   0x00000178   Code   RO         4442    i.xQueueSemaphoreTake  queue.o
    0x080063d8   0x080063d8   0x00000040   Code   RO         4443    i.xQueueTakeMutexRecursive  queue.o
    0x08006418   0x08006418   0x00000074   Code   RO         4851    i.xTaskCheckForTimeOut  tasks.o
    0x0800648c   0x0800648c   0x00000060   Code   RO         4852    i.xTaskCreate       tasks.o
    0x080064ec   0x080064ec   0x00000056   Code   RO         4853    i.xTaskCreateStatic  tasks.o
    0x08006542   0x08006542   0x00000002   PAD
    0x08006544   0x08006544   0x0000000c   Code   RO         4856    i.xTaskGetCurrentTaskHandle  tasks.o
    0x08006550   0x08006550   0x0000001c   Code   RO         4857    i.xTaskGetSchedulerState  tasks.o
    0x0800656c   0x0800656c   0x0000000c   Code   RO         4858    i.xTaskGetTickCount  tasks.o
    0x08006578   0x08006578   0x000000c8   Code   RO         4860    i.xTaskIncrementTick  tasks.o
    0x08006640   0x08006640   0x00000080   Code   RO         4863    i.xTaskPriorityDisinherit  tasks.o
    0x080066c0   0x080066c0   0x00000078   Code   RO         4864    i.xTaskPriorityInherit  tasks.o
    0x08006738   0x08006738   0x00000070   Code   RO         4865    i.xTaskRemoveFromEventList  tasks.o
    0x080067a8   0x080067a8   0x000000c4   Code   RO         4866    i.xTaskResumeAll    tasks.o
    0x0800686c   0x0800686c   0x00000060   Code   RO         5191    i.xTimerCreateTimerTask  timers.o
    0x080068cc   0x080068cc   0x00000068   Code   RO         5192    i.xTimerGenericCommand  timers.o
    0x08006934   0x08006934   0x0000000a   Code   RO         6287    x$fpl$fpinit        fz_wm.l(fpinit.o)
    0x0800693e   0x0800693e   0x00000002   PAD
    0x08006940   0x08006940   0x000000d0   Data   RO           34    .constdata          main.o
    0x08006a10   0x08006a10   0x00000040   Data   RO         4203    .constdata          system_stm32l4xx.o
    0x08006a50   0x08006a50   0x00000008   Data   RO         4204    .constdata          system_stm32l4xx.o
    0x08006a58   0x08006a58   0x00000028   Data   RO         6111    .constdata          c_w.l(_printf_hex_int.o)
    0x08006a80   0x08006a80   0x00000011   Data   RO         6146    .constdata          c_w.l(__printf_flags_ss_wp.o)
    0x08006a91   0x08006a91   0x00000003   PAD
    0x08006a94   0x08006a94   0x0000004f   Data   RO           35    .conststring        main.o
    0x08006ae3   0x08006ae3   0x00000001   PAD
    0x08006ae4   0x08006ae4   0x00000008   Data   RO         6001    .rodata             libSTM32Cryptographic_CM4.a(cmox_hmac_sha1.c.o)
    0x08006aec   0x08006aec   0x00000004   Data   RO         6002    .rodata             libSTM32Cryptographic_CM4.a(cmox_hmac_sha1.c.o)
    0x08006af0   0x08006af0   0x00000008   Data   RO         6005    .rodata             libSTM32Cryptographic_CM4.a(cmox_init.c.o)
    0x08006af8   0x08006af8   0x00000004   Data   RO         6079    .rodata             libSTM32Cryptographic_CM4.a(cmox_utils_compare.c.o)
    0x08006afc   0x08006afc   0x00000008   Data   RO         6067    .text               libSTM32Cryptographic_CM4.a(cmox_md.c.o)
    0x08006b04   0x08006b04   0x00000020   Data   RO         6345    Region$$Table       anon$$obj.o


    Execution Region RW_IRAM2 (Exec base: 0x10000000, Load base: 0x08006bdc, Size: 0x00000000, Max: 0x00004000, ABSOLUTE)

    **** No section assigned to this execution region ****


    Execution Region RW_IRAM1 (Exec base: 0x20000000, Load base: 0x08006b24, Size: 0x000020d0, Max: 0x0000c000, ABSOLUTE)

    Exec Addr    Load Addr    Size         Type   Attr      Idx    E Section Name        Object

    0x20000000   0x08006b24   0x00000028   Data   RW           36    .data               main.o
    0x20000028   0x08006b4c   0x0000000c   Data   RW          809    .data               stm32l4xx_hal.o
    0x20000034   0x08006b58   0x00000004   Data   RW         4205    .data               system_stm32l4xx.o
    0x20000038   0x08006b5c   0x0000003c   Data   RW         4869    .data               tasks.o
    0x20000074   0x08006b98   0x00000014   Data   RW         5200    .data               timers.o
    0x20000088   0x08006bac   0x00000004   Data   RW         5425    .data               cmsis_os2.o
    0x2000008c   0x08006bb0   0x00000020   Data   RW         5871    .data               heap_4.o
    0x200000ac   0x08006bd0   0x0000000c   Data   RW         5927    .data               port.o
    0x200000b8        -       0x000000d8   Zero   RW           33    .bss                main.o
    0x20000190        -       0x0000004c   Zero   RW          743    .bss                stm32l4xx_hal_timebase_tim.o
    0x200001dc        -       0x00000040   Zero   RW         4444    .bss                queue.o
    0x2000021c        -       0x000004c4   Zero   RW         4868    .bss                tasks.o
    0x200006e0        -       0x00000118   Zero   RW         5199    .bss                timers.o
    0x200007f8        -       0x000006b8   Zero   RW         5424    .bss                cmsis_os2.o
    0x20000eb0        -       0x00000bb8   Zero   RW         5870    .bss                heap_4.o
    0x20001a68        -       0x00000001   Zero   RW         6006    .bss                libSTM32Cryptographic_CM4.a(cmox_init.c.o)
    0x20001a69   0x08006bdc   0x00000003   PAD
    0x20001a6c        -       0x00000060   Zero   RW         6217    .bss                c_w.l(libspace.o)
    0x20001acc   0x08006bdc   0x00000004   PAD
    0x20001ad0        -       0x00000200   Zero   RW            2    HEAP                startup_stm32l432xx.o
    0x20001cd0        -       0x00000400   Zero   RW            1    STACK               startup_stm32l432xx.o


==============================================================================

Image component sizes


      Code (inc. data)   RO Data    RW Data    ZI Data      Debug   Object Name

       730         22          0          4       1720      70471   cmsis_os2.o
         0          0          0          0          0      19764   event_groups.o
         0          0          0          0          0     674308   freertos.o
       468         22          0         32       3000       5199   heap_4.o
       138          0          0          0          0       3886   list.o
      2372        356        287         40        216     667127   main.o
       818         82          0         12          0      12153   port.o
      2360         28          0          0         64      28781   queue.o
        64         26        396          0       1536        896   startup_stm32l432xx.o
        94         14          0         12          0      11266   stm32l4xx_hal.o
       158         14          0          0          0      33330   stm32l4xx_hal_cortex.o
       152          0          0          0          0       1943   stm32l4xx_hal_dma.o
       534         20          0          0          0       3143   stm32l4xx_hal_gpio.o
      1550         40          0          0          0      12018   stm32l4xx_hal_i2c.o
       168          0          0          0          0       2079   stm32l4xx_hal_i2c_ex.o
       340         22          0          0          0       2635   stm32l4xx_hal_msp.o
        16          4          0          0          0        599   stm32l4xx_hal_pwr.o
       120         20          0          0          0       1474   stm32l4xx_hal_pwr_ex.o
      2124        108          0          0          0       8081   stm32l4xx_hal_rcc.o
       966         36          0          0          0       3665   stm32l4xx_hal_rcc_ex.o
       692         26          0          0          0       7944   stm32l4xx_hal_tim.o
         6          0          0          0          0       2416   stm32l4xx_hal_tim_ex.o
       140         22          0          0         76       1591   stm32l4xx_hal_timebase_tim.o
      2264         56          0          0          0      13366   stm32l4xx_hal_uart.o
         2          0          0          0          0       1124   stm32l4xx_hal_uart_ex.o
        36         12          0          0          0       4168   stm32l4xx_it.o
         0          0          0          0          0        420   stream_buffer.o
        16          4         72          4          0       1345   system_stm32l4xx.o
      2396        198          0         60       1220      31677   tasks.o
       972         80          0         20        280      33079   timers.o

    ----------------------------------------------------------------------
     19752       1212        788        184       8112    1659948   Object Totals
         0          0         32          0          0          0   (incl. Generated)
        56          0          1          0          0          0   (incl. Padding)

    ----------------------------------------------------------------------

      Code (inc. data)   RO Data    RW Data    ZI Data      Debug   Library Member Name

        56          6          0          0          0         88   __2snprintf.o
         8          0          0          0          0         68   __main.o
       398          4         17          0          0         92   __printf_flags_ss_wp.o
        14          0          0          0          0         68   __printf_wp.o
         0          0          0          0          0          0   __rtentry.o
        12          0          0          0          0          0   __rtentry2.o
         6          0          0          0          0          0   __rtentry4.o
        52          8          0          0          0          0   __scatter.o
        26          0          0          0          0          0   __scatter_copy.o
        28          0          0          0          0          0   __scatter_zi.o
        48          6          0          0          0         96   _printf_char_common.o
       120         16          0          0          0         92   _printf_dec.o
        88          4         40          0          0         88   _printf_hex_int.o
       178          0          0          0          0         88   _printf_intcommon.o
        78          0          0          0          0        108   _printf_pad.o
         0          0          0          0          0          0   _printf_percent.o
         4          0          0          0          0          0   _printf_percent_end.o
         6          0          0          0          0          0   _printf_u.o
         6          0          0          0          0          0   _printf_x.o
        16          0          0          0          0         68   _snputc.o
        10          0          0          0          0         68   _sputc.o
        16          0          0          0          0         68   aeabi_memset.o
        18          0          0          0          0         80   exit.o
         6          0          0          0          0        152   heapauxi.o
         0          0          0          0          0          0   indicate_semi.o
         2          0          0          0          0          0   libinit.o
         6          0          0          0          0          0   libinit2.o
         2          0          0          0          0          0   libshutdown.o
         2          0          0          0          0          0   libshutdown2.o
         8          4          0          0         96         68   libspace.o
       238          0          0          0          0        100   lludivv7m.o
        68          0          0          0          0         68   rt_memclr.o
        78          0          0          0          0         80   rt_memclr_w.o
       138          0          0          0          0         68   rt_memcpy_v6.o
       100          0          0          0          0         80   rt_memcpy_w.o
         2          0          0          0          0          0   rtexit.o
        10          0          0          0          0          0   rtexit2.o
       150          0          0          0          0         80   strncmp.o
        12          4          0          0          0         68   sys_exit.o
        74          0          0          0          0         80   sys_stackheap_outer.o
         2          0          0          0          0         68   use_no_semi.o
        10          0          0          0          0        116   fpinit.o
        92          0          0          0          0          0   cmox_hash.c.o
      1176        124          0          0          0          0   cmox_hmac.c.o
       174         28         12          0          0          0   cmox_hmac_sha1.c.o
       128         20          8          0          1          0   cmox_init.c.o
       342          4          0          0          0          0   cmox_mac.c.o
       738         40          8          0          0          0   cmox_md.c.o
      1674        148          0          0          0          0   cmox_sha1.c.o
       360         12          4          0          0          0   cmox_utils_compare.c.o

    ----------------------------------------------------------------------
      6796        428         92          0        104       2100   Library Totals
        16          0          3          0          7          0   (incl. Padding)

    ----------------------------------------------------------------------

      Code (inc. data)   RO Data    RW Data    ZI Data      Debug   Library Name

      2086         52         57          0         96       1984   c_w.l
        10          0          0          0          0        116   fz_wm.l
      4684        376         32          0          1          0   libSTM32Cryptographic_CM4.a

    ----------------------------------------------------------------------
      6796        428         92          0        104       2100   Library Totals

    ----------------------------------------------------------------------

==============================================================================


      Code (inc. data)   RO Data    RW Data    ZI Data      Debug   

     26548       1640        880        184       8216    1643308   Grand Totals
     26548       1640        880        184       8216    1643308   ELF Image Totals
     26548       1640        880        184          0          0   ROM Totals

==============================================================================

    Total RO  Size (Code + RO Data)                27428 (  26.79kB)
    Total RW  Size (RW Data + ZI Data)              8400 (   8.20kB)
    Total ROM Size (Code + RO Data + RW Data)      27612 (  26.96kB)

==============================================================================

