<html>
<body>
<pre>
<h1>µVision Build Log</h1>
<h2>Tool Versions:</h2>
IDE-Version: µVision V5.36.0.0
Copyright (C) 2021 ARM Ltd and ARM Germany GmbH. All rights reserved.
License Information: fdsf sdf, sdf, LIC=----
 
Tool Versions:
Toolchain:       MDK-Lite  Version: 5.36.0.0
Toolchain Path:  C:\Users\Public\Documents\ARM\ARMCC\Bin
C Compiler:      Armcc.exe V5.06 update 7 (build 960)
Assembler:       Armasm.exe V5.06 update 7 (build 960)
Linker/Locator:  ArmLink.exe V5.06 update 7 (build 960)
Library Manager: ArmAr.exe V5.06 update 7 (build 960)
Hex Converter:   FromElf.exe V5.06 update 7 (build 960)
CPU DLL:         SARMCM3.DLL V5.36.0.0
Dialog DLL:      DCM.DLL V1.17.3.0
Target DLL:      STLink\ST-LINKIII-KEIL_SWO.dll V3.0.9.0
Dialog DLL:      TCM.DLL V1.53.0.0
 
<h2>Project:</h2>
C:\Users\peter-hany\Desktop\Project Phase 3\Emb Project-20260518T114927Z-3-001\Emb Project\MDK-ARM\Emb Project.uvprojx
Project File Date:  05/18/2026

<h2>Output:</h2>
*** Using Compiler 'V5.06 update 7 (build 960)', folder: 'C:\Users\Public\Documents\ARM\ARMCC\Bin'
Build target 'Emb Project'
compiling main.c...
../Core/Src/main.c(109): warning:  #188-D: enumerated type mixed with another type
      HAL_GPIO_WritePin(LCD_DB4_PORT, LCD_DB4_PIN, (nibble >> 0) & 1);
../Core/Src/main.c(110): warning:  #188-D: enumerated type mixed with another type
      HAL_GPIO_WritePin(LCD_DB5_PORT, LCD_DB5_PIN, (nibble >> 1) & 1);
../Core/Src/main.c(111): warning:  #188-D: enumerated type mixed with another type
      HAL_GPIO_WritePin(LCD_DB6_PORT, LCD_DB6_PIN, (nibble >> 2) & 1);
../Core/Src/main.c(112): warning:  #188-D: enumerated type mixed with another type
      HAL_GPIO_WritePin(LCD_DB7_PORT, LCD_DB7_PIN, (nibble >> 3) & 1);
../Core/Src/main.c: 4 warnings, 0 errors
linking...
Program Size: Code=26548 RO-data=880 RW-data=184 ZI-data=8216  
FromELF: creating hex file...
"Emb Project\Emb Project.axf" - 0 Error(s), 4 Warning(s).

<h2>Software Packages used:</h2>

Package Vendor: ARM
                http://www.keil.com/pack/ARM.CMSIS.5.9.0.pack
                ARM.CMSIS.5.9.0
                CMSIS (Common Microcontroller Software Interface Standard)
   * Component: CORE Version: 5.6.0

Package Vendor: Keil
                https://www.keil.com/pack/Keil.STM32L4xx_DFP.3.1.0.pack
                Keil.STM32L4xx_DFP.3.1.0
                STMicroelectronics STM32L4 Series Device Support

<h2>Collection of Component include folders:</h2>
  .\RTE\_Emb_Project
  C:\Users\Public\Downloads\ARM\CMSIS\5.9.0\CMSIS\Core\Include

<h2>Collection of Component Files used:</h2>

   * Component: ARM::CMSIS:CORE:5.6.0
      Include file:  CMSIS\Core\Include\tz_context.h
Build Time Elapsed:  00:00:04
</pre>
</body>
</html>
